Component: ARM Compiler 6.16 Tool: armlink [5dfeaa00]

==============================================================================

Section Cross References

    bitpacking.o(.ARM.exidx.text.ipx_htobe) refers to bitpacking.o(.text.ipx_htobe) for [Anonymous Symbol]
    bitpacking.o(.text.bitpacker_open) refers to h1_alloc.o(.text) for malloc
    bitpacking.o(.ARM.exidx.text.bitpacker_open) refers to bitpacking.o(.text.bitpacker_open) for [Anonymous Symbol]
    bitpacking.o(.text.bitpacker_set_buffer) refers to bitpacking.o(.text.bitpacker_reset) for bitpacker_reset
    bitpacking.o(.ARM.exidx.text.bitpacker_set_buffer) refers to bitpacking.o(.text.bitpacker_set_buffer) for [Anonymous Symbol]
    bitpacking.o(.text.bitpacker_reset) refers to rt_memclr.o(.text) for __aeabi_memclr4
    bitpacking.o(.ARM.exidx.text.bitpacker_reset) refers to bitpacking.o(.text.bitpacker_reset) for [Anonymous Symbol]
    bitpacking.o(.ARM.exidx.text.bitpacker_get_buffer) refers to bitpacking.o(.text.bitpacker_get_buffer) for [Anonymous Symbol]
    bitpacking.o(.text.bitpacker_write) refers to bitpacking.o(.text.ipx_htobe) for ipx_htobe
    bitpacking.o(.ARM.exidx.text.bitpacker_write) refers to bitpacking.o(.text.bitpacker_write) for [Anonymous Symbol]
    bitpacking.o(.text.bitpacker_write_unary_unsigned) refers to bitpacking.o(.text.bitpacker_write) for bitpacker_write
    bitpacking.o(.ARM.exidx.text.bitpacker_write_unary_unsigned) refers to bitpacking.o(.text.bitpacker_write_unary_unsigned) for [Anonymous Symbol]
    bitpacking.o(.text.bitpacker_flush) refers to bitpacking.o(.text.ipx_htobe) for ipx_htobe
    bitpacking.o(.ARM.exidx.text.bitpacker_flush) refers to bitpacking.o(.text.bitpacker_flush) for [Anonymous Symbol]
    bitpacking.o(.text.bitpacker_align) refers to bitpacking.o(.text.bitpacker_write) for bitpacker_write
    bitpacking.o(.ARM.exidx.text.bitpacker_align) refers to bitpacking.o(.text.bitpacker_align) for [Anonymous Symbol]
    bitpacking.o(.ARM.exidx.text.bitpacker_get_len) refers to bitpacking.o(.text.bitpacker_get_len) for [Anonymous Symbol]
    bitpacking.o(.text.bitpacker_add_padding) refers to bitpacking.o(.text.bitpacker_write) for bitpacker_write
    bitpacking.o(.ARM.exidx.text.bitpacker_add_padding) refers to bitpacking.o(.text.bitpacker_add_padding) for [Anonymous Symbol]
    budget.o(.text.fill_data_budget_table) refers to precinct.o(.text.line_count_of) for line_count_of
    budget.o(.text.fill_data_budget_table) refers to budget.o(.text.precinct_lvl_of) for precinct_lvl_of
    budget.o(.text.fill_data_budget_table) refers to precinct.o(.text.precinct_gcli_of) for precinct_gcli_of
    budget.o(.text.fill_data_budget_table) refers to precinct.o(.text.precinct_gcli_width_of) for precinct_gcli_width_of
    budget.o(.text.fill_data_budget_table) refers to budget.o(.text.pbt_get_data_bgt_of) for pbt_get_data_bgt_of
    budget.o(.text.fill_data_budget_table) refers to budget.o(.text.budget_get_data_budget) for budget_get_data_budget
    budget.o(.text.fill_data_budget_table) refers to precinct.o(.text.precinct_line_of) for precinct_line_of
    budget.o(.text.fill_data_budget_table) refers to precinct.o(.text.precinct_width_of) for precinct_width_of
    budget.o(.text.fill_data_budget_table) refers to budget.o(.text.pbt_get_sign_bgt_of) for pbt_get_sign_bgt_of
    budget.o(.text.fill_data_budget_table) refers to budget.o(.text.budget_get_sign_budget) for budget_get_sign_budget
    budget.o(.ARM.exidx.text.fill_data_budget_table) refers to budget.o(.text.fill_data_budget_table) for [Anonymous Symbol]
    budget.o(.ARM.exidx.text.precinct_lvl_of) refers to budget.o(.text.precinct_lvl_of) for [Anonymous Symbol]
    budget.o(.ARM.exidx.text.budget_get_data_budget) refers to budget.o(.text.budget_get_data_budget) for [Anonymous Symbol]
    budget.o(.ARM.exidx.text.pbt_get_data_bgt_of) refers to budget.o(.text.pbt_get_data_bgt_of) for [Anonymous Symbol]
    budget.o(.ARM.exidx.text.budget_get_sign_budget) refers to budget.o(.text.budget_get_sign_budget) for [Anonymous Symbol]
    budget.o(.ARM.exidx.text.pbt_get_sign_bgt_of) refers to budget.o(.text.pbt_get_sign_bgt_of) for [Anonymous Symbol]
    budget.o(.ARM.exidx.text.budget_getunary_unsigned) refers to budget.o(.text.budget_getunary_unsigned) for [Anonymous Symbol]
    budget.o(.text.fill_gcli_budget_table) refers to precinct.o(.text.line_count_of) for line_count_of
    budget.o(.text.fill_gcli_budget_table) refers to budget.o(.text.pbt_get_gcli_bgt_of) for pbt_get_gcli_bgt_of
    budget.o(.text.fill_gcli_budget_table) refers to precinct.o(.text.precinct_gcli_of) for precinct_gcli_of
    budget.o(.text.fill_gcli_budget_table) refers to precinct.o(.text.precinct_gcli_width_of) for precinct_gcli_width_of
    budget.o(.ARM.exidx.text.fill_gcli_budget_table) refers to budget.o(.text.fill_gcli_budget_table) for [Anonymous Symbol]
    budget.o(.ARM.exidx.text.pbt_get_gcli_bgt_of) refers to budget.o(.text.pbt_get_gcli_bgt_of) for [Anonymous Symbol]
[...]
    sys_exit.o(.text) refers (Special) to indicate_semi.o(.text) for __semihosting_library_function
    sys_exit_hlt.o(.text) refers (Special) to use_no_semi.o(.text) for __I$use$semihosting
    sys_exit_hlt.o(.text) refers (Special) to indicate_semi.o(.text) for __semihosting_library_function
    sys_stackheap.o(.text) refers (Special) to indicate_semi.o(.text) for __semihosting_library_function
    sys_stackheap.o(.text) refers to use_no_semi.o(.text) for __I$use$semihosting
    sys_stackheap_hlt.o(.text) refers (Special) to indicate_semi.o(.text) for __semihosting_library_function
    sys_stackheap_hlt.o(.text) refers to use_no_semi.o(.text) for __I$use$semihosting
    rtexit.o(.ARM.Collect$$rtexit$$00000000) refers (Special) to rtexit2.o(.ARM.Collect$$rtexit$$00000004) for __rt_exit_exit
    rtexit.o(.ARM.Collect$$rtexit$$00000000) refers (Special) to rtexit2.o(.ARM.Collect$$rtexit$$00000003) for __rt_exit_ls
    rtexit.o(.ARM.Collect$$rtexit$$00000000) refers (Special) to rtexit2.o(.ARM.Collect$$rtexit$$00000002) for __rt_exit_prels_1
    rtexit.o(.ARM.exidx) refers (Special) to rtexit2.o(.ARM.Collect$$rtexit$$00000004) for __rt_exit_exit
    rtexit.o(.ARM.exidx) refers (Special) to rtexit2.o(.ARM.Collect$$rtexit$$00000003) for __rt_exit_ls
    rtexit.o(.ARM.exidx) refers (Special) to rtexit2.o(.ARM.Collect$$rtexit$$00000002) for __rt_exit_prels_1
    rtexit.o(.ARM.exidx) refers to rtexit.o(.ARM.Collect$$rtexit$$00000000) for .ARM.Collect$$rtexit$$00000000
    __raise.o(.text) refers to defsig.o(CL$$defsig) for __default_signal_handler
    defsig_general.o(.text) refers to sys_wrch.o(.text) for _ttywrch
    defsig_fpe_inner.o(.text) refers to defsig_general.o(.text) for __default_signal_display
    libinit3.o(.ARM.Collect$$libinit$$00000006) refers to libinit3.o(.ARM.Collect$$libinit$$00002717) for __lit__00000000
    libinit3.o(.ARM.Collect$$libinit$$00000006) refers (Weak) to init_alloc.o(.text) for _init_alloc
    libinit3.o(.ARM.Collect$$libinit$$00002717) refers to startup_armcm0.o(HEAP) for __heap_base
    libinit3.o(.ARM.Collect$$libinit$$00000028) refers to libinit3.o(.ARM.Collect$$libinit$$00002739) for __lit__00000002
    libinit3.o(.ARM.Collect$$libinit$$00000028) refers to argv_veneer.o(.text) for __ARM_argv_veneer
    libinit3.o(.ARM.Collect$$libinit$$00002739) refers to startup_armcm0.o(HEAP) for __heap_base
    libshutdown2.o(.ARM.Collect$$libshutdown$$0000000D) refers (Weak) to term_alloc.o(.text) for _terminate_alloc
    sys_wrch.o(.text) refers (Special) to use_no_semi.o(.text) for __I$use$semihosting
    sys_wrch.o(.text) refers (Special) to indicate_semi.o(.text) for __semihosting_library_function
    sys_wrch_hlt.o(.text) refers (Special) to use_no_semi.o(.text) for __I$use$semihosting
    sys_wrch_hlt.o(.text) refers (Special) to indicate_semi.o(.text) for __semihosting_library_function
    rtexit2.o(.ARM.Collect$$rtexit$$00000003) refers to libshutdown.o(.ARM.Collect$$libshutdown$$00000000) for __rt_lib_shutdown
    rtexit2.o(.ARM.Collect$$rtexit$$00000004) refers to sys_exit.o(.text) for _sys_exit
    rtexit2.o(.ARM.exidx) refers to rtexit2.o(.ARM.Collect$$rtexit$$00000001) for .ARM.Collect$$rtexit$$00000001
    rtexit2.o(.ARM.exidx) refers to rtexit2.o(.ARM.Collect$$rtexit$$00000003) for .ARM.Collect$$rtexit$$00000003
    rtexit2.o(.ARM.exidx) refers to rtexit2.o(.ARM.Collect$$rtexit$$00000004) for .ARM.Collect$$rtexit$$00000004
    defsig.o(CL$$defsig) refers to defsig_fpe_inner.o(.text) for __rt_SIGFPE_inner
    defsig.o(CL$$defsig) refers to defsig_rtmem_inner.o(.text) for __rt_SIGRTMEM_inner
    defsig_abrt_inner.o(.text) refers to defsig_general.o(.text) for __default_signal_display
    defsig_rtred_inner.o(.text) refers to defsig_general.o(.text) for __default_signal_display
    defsig_stak_inner.o(.text) refers to defsig_general.o(.text) for __default_signal_display
    defsig_pvfn_inner.o(.text) refers to defsig_general.o(.text) for __default_signal_display
    defsig_cppl_inner.o(.text) refers to defsig_general.o(.text) for __default_signal_display
    defsig_segv_inner.o(.text) refers to defsig_general.o(.text) for __default_signal_display
    defsig_other.o(.text) refers to defsig_general.o(.text) for __default_signal_display
    libshutdown.o(.ARM.Collect$$libshutdown$$00000000) refers (Special) to libshutdown2.o(.ARM.Collect$$libshutdown$$00000002) for __rt_lib_shutdown_cpp_1
    libshutdown.o(.ARM.Collect$$libshutdown$$00000000) refers (Special) to libshutdown2.o(.ARM.Collect$$libshutdown$$00000007) for __rt_lib_shutdown_fp_trap_1
    libshutdown.o(.ARM.Collect$$libshutdown$$00000000) refers (Special) to libshutdown2.o(.ARM.Collect$$libshutdown$$0000000F) for __rt_lib_shutdown_heap_1
    libshutdown.o(.ARM.Collect$$libshutdown$$00000000) refers (Special) to libshutdown2.o(.ARM.Collect$$libshutdown$$00000010) for __rt_lib_shutdown_return
    libshutdown.o(.ARM.Collect$$libshutdown$$00000000) refers (Special) to libshutdown2.o(.ARM.Collect$$libshutdown$$0000000A) for __rt_lib_shutdown_signal_1
    libshutdown.o(.ARM.Collect$$libshutdown$$00000000) refers (Special) to libshutdown2.o(.ARM.Collect$$libshutdown$$00000004) for __rt_lib_shutdown_stdio_1
    libshutdown.o(.ARM.Collect$$libshutdown$$00000000) refers (Special) to libshutdown2.o(.ARM.Collect$$libshutdown$$0000000C) for __rt_lib_shutdown_user_alloc_1


==============================================================================

Removing Unused input sections from the image.

    Removing bitpacking.o(.text), (0 bytes).
    Removing bitpacking.o(.ARM.exidx.text.ipx_htobe), (8 bytes).
    Removing bitpacking.o(.ARM.exidx.text.bitpacker_open), (8 bytes).
    Removing bitpacking.o(.ARM.exidx.text.bitpacker_set_buffer), (8 bytes).
    Removing bitpacking.o(.ARM.exidx.text.bitpacker_reset), (8 bytes).
    Removing bitpacking.o(.text.bitpacker_get_buffer), (4 bytes).
    Removing bitpacking.o(.ARM.exidx.text.bitpacker_get_buffer), (8 bytes).
    Removing bitpacking.o(.ARM.exidx.text.bitpacker_write), (8 bytes).
    Removing bitpacking.o(.ARM.exidx.text.bitpacker_write_unary_unsigned), (8 bytes).
    Removing bitpacking.o(.ARM.exidx.text.bitpacker_flush), (8 bytes).
    Removing bitpacking.o(.ARM.exidx.text.bitpacker_align), (8 bytes).
    Removing bitpacking.o(.ARM.exidx.text.bitpacker_get_len), (8 bytes).
    Removing bitpacking.o(.ARM.exidx.text.bitpacker_add_padding), (8 bytes).
    Removing budget.o(.text), (0 bytes).
    Removing budget.o(.ARM.exidx.text.fill_data_budget_table), (8 bytes).
    Removing budget.o(.ARM.exidx.text.precinct_lvl_of), (8 bytes).
    Removing budget.o(.ARM.exidx.text.budget_get_data_budget), (8 bytes).
    Removing budget.o(.ARM.exidx.text.pbt_get_data_bgt_of), (8 bytes).
    Removing budget.o(.ARM.exidx.text.budget_get_sign_budget), (8 bytes).
    Removing budget.o(.ARM.exidx.text.pbt_get_sign_bgt_of), (8 bytes).
    Removing budget.o(.text.budget_getunary_unsigned), (24 bytes).
    Removing budget.o(.ARM.exidx.text.budget_getunary_unsigned), (8 bytes).
    Removing budget.o(.ARM.exidx.text.fill_gcli_budget_table), (8 bytes).
    Removing budget.o(.ARM.exidx.text.pbt_get_gcli_bgt_of), (8 bytes).
    Removing dwt53.o(.text), (0 bytes).
    Removing dwt53.o(.ARM.exidx.text.dwt53_get_lvl_sizes), (8 bytes).
    Removing dwt53.o(.ARM.exidx.text.dwt53), (8 bytes).
    Removing dwt53.o(.ARM.exidx.text.dwt53_wrap), (8 bytes).
    Removing gcli.o(.text), (0 bytes).
    Removing gcli.o(.ARM.exidx.text.compute_gcli_buf), (8 bytes).
    Removing image_transforms.o(.text), (0 bytes).
    Removing image_transforms.o(.ARM.exidx.text.image_shift), (8 bytes).
    Removing image_transforms.o(.ARM.exidx.text.image_offset), (8 bytes).
    Removing image_transforms.o(.ARM.exidx.text.tco_image_apply_partial_dwt_hor), (8 bytes).
    Removing image_transforms.o(.ARM.exidx.text.tco_image_apply_partial_dwt_ver), (8 bytes).
    Removing lvls_map.o(.text), (0 bytes).
    Removing lvls_map.o(.ARM.exidx.text.map_get_N_filtertypes), (8 bytes).
    Removing lvls_map.o(.ARM.exidx.text.map_get_NL), (8 bytes).
    Removing lvls_map.o(.ARM.exidx.text.band_to_level), (8 bytes).
    Removing lvls_map.o(.text.height_of_band), (20 bytes).
    Removing lvls_map.o(.ARM.exidx.text.height_of_band), (8 bytes).
    Removing lvls_map.o(.ARM.exidx.text.first_band_of_map), (8 bytes).
    Removing lvls_map.o(.ARM.exidx.text.last_band_of_map), (8 bytes).
    Removing lvls_map.o(.text.resolutions_of_map), (4 bytes).
    Removing lvls_map.o(.ARM.exidx.text.resolutions_of_map), (8 bytes).
    Removing lvls_map.o(.text.num_cols), (6 bytes).
    Removing lvls_map.o(.ARM.exidx.text.num_cols), (8 bytes).
    Removing lvls_map.o(.ARM.exidx.text.width_of_level), (8 bytes).
    Removing lvls_map.o(.ARM.exidx.text.fill_lvls_map), (8 bytes).
    Removing lvls_map.o(.ARM.exidx.text.to_hlvl), (8 bytes).
    Removing lvls_map.o(.ARM.exidx.text.to_vlvl), (8 bytes).
    Removing lvls_map.o(.ARM.exidx.text.lvlmap_get_ptr_by_column), (8 bytes).
    Removing main.o(.text), (0 bytes).
    Removing main.o(.ARM.exidx.text.main), (8 bytes).
    Removing main.o(.ARM.exidx.text.elec2570_image_init), (8 bytes).
    Removing main.o(.ARM.use_no_argv), (4 bytes).
    Removing packing.o(.text), (0 bytes).
    Removing packing.o(.ARM.exidx.text.pack_data), (8 bytes).
    Removing packing.o(.ARM.exidx.text.pack_sign), (8 bytes).
    Removing packing.o(.ARM.exidx.text.pack_gclis), (8 bytes).
    Removing packing.o(.ARM.exidx.text.pack_precinct), (8 bytes).
    Removing packing.o(.ARM.exidx.text.precinct_lvl_of), (8 bytes).
    Removing packing.o(.ARM.exidx.text.precinct_subpkt_of), (8 bytes).
    Removing precinct.o(.text), (0 bytes).
    Removing precinct.o(.ARM.exidx.text.precinct_open_column), (8 bytes).
    Removing precinct.o(.ARM.exidx.text.fill_precinct), (8 bytes).
    Removing precinct.o(.ARM.exidx.text.precinct_line_of), (8 bytes).
    Removing precinct.o(.ARM.exidx.text.precinct_width_of), (8 bytes).
    Removing precinct.o(.ARM.exidx.text.bands_count_of), (8 bytes).
    Removing precinct.o(.ARM.exidx.text.line_count_of), (8 bytes).
    Removing precinct.o(.ARM.exidx.text.precinct_gcli_of), (8 bytes).
    Removing precinct.o(.ARM.exidx.text.precinct_gcli_width_of), (8 bytes).
    Removing precinct.o(.ARM.exidx.text.update_gclis), (8 bytes).
    Removing precinct.o(.ARM.exidx.text.precinct_is_first_of_slice), (8 bytes).
    Removing precinct.o(.ARM.exidx.text.precinct_is_last_of_image), (8 bytes).
    Removing precinct_budget.o(.text), (0 bytes).
    Removing precinct_budget.o(.ARM.exidx.text.init_budget_info), (8 bytes).
    Removing precinct_budget.o(.ARM.exidx.text.precinct_get_budget), (8 bytes).
    Removing precinct_budget.o(.ARM.exidx.text.precinct_nb_subpkts_of), (8 bytes).
    Removing precinct_budget.o(.ARM.exidx.text.precinct_subpkt_of), (8 bytes).
    Removing precinct_budget.o(.ARM.exidx.text.pbt_get_gcli_bgt_of), (8 bytes).
    Removing precinct_budget.o(.ARM.exidx.text.pbt_get_data_bgt_of), (8 bytes).
    Removing precinct_budget.o(.ARM.exidx.text.pbt_get_sign_bgt_of), (8 bytes).
    Removing precinct_budget.o(.ARM.exidx.text.pbt_open), (8 bytes).
    Removing precinct_budget.o(.text.pbt_close), (12 bytes).
    Removing precinct_budget.o(.ARM.exidx.text.pbt_close), (8 bytes).
    Removing rate_control.o(.text), (0 bytes).
    Removing rate_control.o(.ARM.exidx.text.rate_control_open), (8 bytes).
    Removing rate_control.o(.ARM.exidx.text.rate_control_init), (8 bytes).
    Removing rate_control.o(.ARM.exidx.text.rate_control), (8 bytes).
    Removing sb_weighting.o(.text), (0 bytes).
    Removing sb_weighting.o(.ARM.exidx.text.compute_gtli_tables), (8 bytes).
    Removing sig_mag.o(.text), (0 bytes).
    Removing sig_mag.o(.ARM.exidx.text.to_sig_mag_buf), (8 bytes).
    Removing tco_conf.o(.text), (0 bytes).
    Removing tco_conf.o(.ARM.exidx.text.tco_conf_validate), (8 bytes).
    Removing tco_enc.o(.text), (0 bytes).
    Removing tco_enc.o(.ARM.exidx.text.tco_enc_init), (8 bytes).
    Removing tco_enc.o(.ARM.exidx.text.tco_enc_transforms), (8 bytes).
    Removing tco_enc.o(.ARM.exidx.text.tco_enc_image), (8 bytes).
    Removing xs_markers.o(.text), (0 bytes).
    Removing xs_markers.o(.ARM.exidx.text.xs_write_head), (8 bytes).
    Removing xs_markers.o(.ARM.exidx.text.xs_write_capabilities_marker), (8 bytes).
    Removing xs_markers.o(.ARM.exidx.text.xs_write_picture_header), (8 bytes).
    Removing xs_markers.o(.ARM.exidx.text.xs_write_component_table), (8 bytes).
    Removing xs_markers.o(.ARM.exidx.text.xs_write_weights_table), (8 bytes).
    Removing xs_markers.o(.text.xs_write_extension_marker), (4 bytes).
    Removing xs_markers.o(.ARM.exidx.text.xs_write_extension_marker), (8 bytes).
    Removing xs_markers.o(.ARM.exidx.text.xs_write_tail), (8 bytes).
    Removing xs_markers.o(.ARM.exidx.text.xs_write_slice_header), (8 bytes).
    Removing system_armcm0.o(.text), (0 bytes).
    Removing system_armcm0.o(.text.SystemCoreClockUpdate), (16 bytes).
    Removing system_armcm0.o(.ARM.exidx.text.SystemCoreClockUpdate), (8 bytes).
    Removing system_armcm0.o(.ARM.exidx.text.SystemInit), (8 bytes).

114 unused section(s) (total 798 bytes) removed from the image.

==============================================================================

Image Symbol Table

    Local Symbols

    Symbol Name                              Value     Ov Type        Size  Object(Section)

    ../clib/angel/boardlib.s                 0x00000000   Number         0  boardinit1.o ABSOLUTE
    ../clib/angel/boardlib.s                 0x00000000   Number         0  boardinit2.o ABSOLUTE
    ../clib/angel/boardlib.s                 0x00000000   Number         0  boardinit3.o ABSOLUTE
    ../clib/angel/boardlib.s                 0x00000000   Number         0  boardshut.o ABSOLUTE
    ../clib/angel/handlers.s                 0x00000000   Number         0  __scatter_copy.o ABSOLUTE
    ../clib/angel/handlers.s                 0x00000000   Number         0  __scatter_zi.o ABSOLUTE
    ../clib/angel/kernel.s                   0x00000000   Number         0  __rtentry.o ABSOLUTE
    ../clib/angel/kernel.s                   0x00000000   Number         0  __rtentry2.o ABSOLUTE
    ../clib/angel/kernel.s                   0x00000000   Number         0  __rtentry4.o ABSOLUTE
    ../clib/angel/kernel.s                   0x00000000   Number         0  __rtentry5.o ABSOLUTE
    ../clib/angel/kernel.s                   0x00000000   Number         0  rtexit.o ABSOLUTE
    ../clib/angel/kernel.s                   0x00000000   Number         0  rtexit2.o ABSOLUTE
    ../clib/angel/rt.s                       0x00000000   Number         0  aeabi_idiv0.o ABSOLUTE
    ../clib/angel/rt.s                       0x00000000   Number         0  aeabi_idiv0_sigfpe.o ABSOLUTE
    ../clib/angel/rt.s                       0x00000000   Number         0  rt_heap_descriptor.o ABSOLUTE
    ../clib/angel/rt.s                       0x00000000   Number         0  rt_heap_descriptor_intlibspace.o ABSOLUTE
    ../clib/angel/rt.s                       0x00000000   Number         0  rt_div0.o ABSOLUTE
    ../clib/angel/rt.s                       0x00000000   Number         0  rt_raise.o ABSOLUTE
    ../clib/angel/scatterp.s                 0x00000000   Number         0  __scatter.o ABSOLUTE
    ../clib/angel/startup.s                  0x00000000   Number         0  __main.o ABSOLUTE
    ../clib/angel/sys.s                      0x00000000   Number         0  mutex_dummy.o ABSOLUTE
    ../clib/angel/sys.s                      0x00000000   Number         0  libspace.o ABSOLUTE
    ../clib/angel/sys.s                      0x00000000   Number         0  use_no_semi.o ABSOLUTE
    ../clib/angel/sys.s                      0x00000000   Number         0  indicate_semi.o ABSOLUTE
    ../clib/angel/sys.s                      0x00000000   Number         0  sys_stackheap_outer.o ABSOLUTE
    ../clib/angel/sys.s                      0x00000000   Number         0  sys_stackheap.o ABSOLUTE
    ../clib/angel/sys.s                      0x00000000   Number         0  tempstk.o ABSOLUTE
    ../clib/angel/sys.s                      0x00000000   Number         0  sys_stackheap_hlt.o ABSOLUTE
    ../clib/angel/sysapp.c                   0x00000000   Number         0  sys_command.o ABSOLUTE
    ../clib/angel/sysapp.c                   0x00000000   Number         0  sys_command_hlt.o ABSOLUTE
    ../clib/angel/sysapp.c                   0x00000000   Number         0  sys_exit.o ABSOLUTE
    ../clib/angel/sysapp.c                   0x00000000   Number         0  sys_exit_hlt.o ABSOLUTE
    ../clib/angel/sysapp.c                   0x00000000   Number         0  sys_wrch.o ABSOLUTE
    ../clib/angel/sysapp.c                   0x00000000   Number         0  sys_wrch_hlt.o ABSOLUTE
    ../clib/armsys.c                         0x00000000   Number         0  _get_argv.o ABSOLUTE
    ../clib/armsys.c                         0x00000000   Number         0  argv_veneer.o ABSOLUTE
    ../clib/armsys.c                         0x00000000   Number         0  _get_argv_nomalloc.o ABSOLUTE
    ../clib/armsys.c                         0x00000000   Number         0  no_argv.o ABSOLUTE
    ../clib/division.s                       0x00000000   Number         0  aeabi_sdivfast.o ABSOLUTE
    ../clib/division.s                       0x00000000   Number         0  aeabi_sdivfast_div0.o ABSOLUTE
    ../clib/heap1.c                          0x00000000   Number         0  h1_alloc.o ABSOLUTE
    ../clib/heap1.c                          0x00000000   Number         0  h1_free.o ABSOLUTE
    ../clib/heap1.c                          0x00000000   Number         0  h1_alloc_threads.o ABSOLUTE
    ../clib/heap1.c                          0x00000000   Number         0  h1_free_threads.o ABSOLUTE
    ../clib/heap1.c                          0x00000000   Number         0  h1_init.o ABSOLUTE
    ../clib/heap1.c                          0x00000000   Number         0  h1_init_threads.o ABSOLUTE
    ../clib/heap1.c                          0x00000000   Number         0  h1_extend.o ABSOLUTE
    ../clib/heap1.c                          0x00000000   Number         0  h1_extend_threads.o ABSOLUTE
    ../clib/heap1.c                          0x00000000   Number         0  h1_final.o ABSOLUTE
    ../clib/heap1.c                          0x00000000   Number         0  h1_final_threads.o ABSOLUTE
    ../clib/heap2.c                          0x00000000   Number         0  heap2.o ABSOLUTE
    ../clib/heap2.c                          0x00000000   Number         0  heap2_threads.o ABSOLUTE
    ../clib/heap2.c                          0x00000000   Number         0  fdtree.o ABSOLUTE
    ../clib/heapalloc.c                      0x00000000   Number         0  malloc.o ABSOLUTE
    ../clib/heapalloc.c                      0x00000000   Number         0  free.o ABSOLUTE
    ../clib/heapalloc.c                      0x00000000   Number         0  hguard.o ABSOLUTE
    ../clib/heapalloc.c                      0x00000000   Number         0  init_alloc.o ABSOLUTE
    ../clib/heapalloc.c                      0x00000000   Number         0  heapstubs.o ABSOLUTE
    ../clib/heapalloc.c                      0x00000000   Number         0  hrguard.o ABSOLUTE
    ../clib/heapalloc.c                      0x00000000   Number         0  term_alloc.o ABSOLUTE
    ../clib/heapaux.c                        0x00000000   Number         0  heapauxi.o ABSOLUTE
    ../clib/heapaux.c                        0x00000000   Number         0  heapauxa.o ABSOLUTE
    ../clib/libinit.s                        0x00000000   Number         0  libinit2.o ABSOLUTE
    ../clib/libinit.s                        0x00000000   Number         0  libinit.o ABSOLUTE
    ../clib/libinit.s                        0x00000000   Number         0  libinit3.o ABSOLUTE
    ../clib/libinit.s                        0x00000000   Number         0  libshutdown2.o ABSOLUTE
    ../clib/libinit.s                        0x00000000   Number         0  libshutdown.o ABSOLUTE
    ../clib/maybe.s                          0x00000000   Number         0  maybetermalloc1.o ABSOLUTE
    ../clib/maybe.s                          0x00000000   Number         0  maybetermalloc2.o ABSOLUTE
    ../clib/memcpset.c                       0x00000000   Number         0  rt_memcpy.o ABSOLUTE
    ../clib/memcpset.c                       0x00000000   Number         0  rt_memcpy.o ABSOLUTE
    ../clib/memcpset.c                       0x00000000   Number         0  rt_memclr.o ABSOLUTE
    ../clib/signal.c                         0x00000000   Number         0  defsig_rtmem_outer.o ABSOLUTE
    ../clib/signal.c                         0x00000000   Number         0  defsig_rtmem_formal.o ABSOLUTE
    ../clib/signal.c                         0x00000000   Number         0  defsig_exit.o ABSOLUTE
    ../clib/signal.c                         0x00000000   Number         0  defsig_fpe_outer.o ABSOLUTE
    ../clib/signal.c                         0x00000000   Number         0  defsig_fpe_formal.o ABSOLUTE
    ../clib/signal.c                         0x00000000   Number         0  defsig_rtmem_inner.o ABSOLUTE
    ../clib/signal.c                         0x00000000   Number         0  __raise.o ABSOLUTE
    ../clib/signal.c                         0x00000000   Number         0  defsig_general.o ABSOLUTE
    ../clib/signal.c                         0x00000000   Number         0  defsig_fpe_inner.o ABSOLUTE
    ../clib/signal.c                         0x00000000   Number         0  defsig_abrt_inner.o ABSOLUTE
    ../clib/signal.c                         0x00000000   Number         0  defsig_rtred_inner.o ABSOLUTE
    ../clib/signal.c                         0x00000000   Number         0  defsig_stak_inner.o ABSOLUTE
    ../clib/signal.c                         0x00000000   Number         0  defsig_pvfn_inner.o ABSOLUTE
    ../clib/signal.c                         0x00000000   Number         0  defsig_cppl_inner.o ABSOLUTE
    ../clib/signal.c                         0x00000000   Number         0  defsig_segv_inner.o ABSOLUTE
    ../clib/signal.c                         0x00000000   Number         0  defsig_other.o ABSOLUTE
    ../clib/signal.s                         0x00000000   Number         0  defsig.o ABSOLUTE
    ../clib/stdlib.c                         0x00000000   Number         0  exit.o ABSOLUTE
    ../fplib/cfplib/fpinit.c                 0x00000000   Number         0  fpinit.o ABSOLUTE
    RTE/Device/ARMCM0/startup_ARMCM0.s       0x00000000   Number         0  startup_armcm0.o ABSOLUTE
    bitpacking.c                             0x00000000   Number         0  bitpacking.o ABSOLUTE
    budget.c                                 0x00000000   Number         0  budget.o ABSOLUTE
    dc.s                                     0x00000000   Number         0  dc.o ABSOLUTE
    dwt53.c                                  0x00000000   Number         0  dwt53.o ABSOLUTE
    gcli.c                                   0x00000000   Number         0  gcli.o ABSOLUTE
    image_transforms.c                       0x00000000   Number         0  image_transforms.o ABSOLUTE
    lvls_map.c                               0x00000000   Number         0  lvls_map.o ABSOLUTE
    main.c                                   0x00000000   Number         0  main.o ABSOLUTE
    packing.c                                0x00000000   Number         0  packing.o ABSOLUTE
    precinct.c                               0x00000000   Number         0  precinct.o ABSOLUTE
    precinct_budget.c                        0x00000000   Number         0  precinct_budget.o ABSOLUTE
    rate_control.c                           0x00000000   Number         0  rate_control.o ABSOLUTE
    sb_weighting.c                           0x00000000   Number         0  sb_weighting.o ABSOLUTE
    sig_mag.c                                0x00000000   Number         0  sig_mag.o ABSOLUTE
    system_ARMCM0.c                          0x00000000   Number         0  system_armcm0.o ABSOLUTE
    tco_conf.c                               0x00000000   Number         0  tco_conf.o ABSOLUTE
    tco_enc.c                                0x00000000   Number         0  tco_enc.o ABSOLUTE
    xs_markers.c                             0x00000000   Number         0  xs_markers.o ABSOLUTE
    RESET                                    0x00000000   Section      192  startup_armcm0.o(RESET)
    !!!main                                  0x000000c0   Section        8  __main.o(!!!main)
    !!!scatter                               0x000000c8   Section       60  __scatter.o(!!!scatter)
    !!handler_copy                           0x00000104   Section       26  __scatter_copy.o(!!handler_copy)
    !!handler_zi                             0x00000120   Section       28  __scatter_zi.o(!!handler_zi)
    .ARM.Collect$$libinit$$00000000          0x0000013c   Section        2  libinit.o(.ARM.Collect$$libinit$$00000000)
    .ARM.Collect$$libinit$$00000002          0x0000013e   Section        0  libinit2.o(.ARM.Collect$$libinit$$00000002)
    .ARM.Collect$$libinit$$00000004          0x0000013e   Section        0  libinit2.o(.ARM.Collect$$libinit$$00000004)
    .ARM.Collect$$libinit$$00000006          0x0000013e   Section        8  libinit3.o(.ARM.Collect$$libinit$$00000006)
    .ARM.Collect$$libinit$$0000000A          0x00000146   Section        0  libinit2.o(.ARM.Collect$$libinit$$0000000A)
    .ARM.Collect$$libinit$$0000000C          0x00000146   Section        0  libinit2.o(.ARM.Collect$$libinit$$0000000C)
    .ARM.Collect$$libinit$$0000000E          0x00000146   Section        0  libinit2.o(.ARM.Collect$$libinit$$0000000E)
    .ARM.Collect$$libinit$$00000011          0x00000146   Section        0  libinit2.o(.ARM.Collect$$libinit$$00000011)
    .ARM.Collect$$libinit$$00000013          0x00000146   Section        0  libinit2.o(.ARM.Collect$$libinit$$00000013)
    .ARM.Collect$$libinit$$00000015          0x00000146   Section        0  libinit2.o(.ARM.Collect$$libinit$$00000015)
    .ARM.Collect$$libinit$$00000017          0x00000146   Section        0  libinit2.o(.ARM.Collect$$libinit$$00000017)
    .ARM.Collect$$libinit$$00000019          0x00000146   Section        0  libinit2.o(.ARM.Collect$$libinit$$00000019)
    .ARM.Collect$$libinit$$0000001B          0x00000146   Section        0  libinit2.o(.ARM.Collect$$libinit$$0000001B)
    .ARM.Collect$$libinit$$0000001D          0x00000146   Section        0  libinit2.o(.ARM.Collect$$libinit$$0000001D)
    .ARM.Collect$$libinit$$0000001F          0x00000146   Section        0  libinit2.o(.ARM.Collect$$libinit$$0000001F)
    .ARM.Collect$$libinit$$00000021          0x00000146   Section        0  libinit2.o(.ARM.Collect$$libinit$$00000021)
    .ARM.Collect$$libinit$$00000023          0x00000146   Section        0  libinit2.o(.ARM.Collect$$libinit$$00000023)
    .ARM.Collect$$libinit$$00000025          0x00000146   Section        0  libinit2.o(.ARM.Collect$$libinit$$00000025)
    .ARM.Collect$$libinit$$0000002C          0x00000146   Section        0  libinit2.o(.ARM.Collect$$libinit$$0000002C)
    .ARM.Collect$$libinit$$0000002E          0x00000146   Section        0  libinit2.o(.ARM.Collect$$libinit$$0000002E)
    .ARM.Collect$$libinit$$00000030          0x00000146   Section        0  libinit2.o(.ARM.Collect$$libinit$$00000030)
    .ARM.Collect$$libinit$$00000032          0x00000146   Section        0  libinit2.o(.ARM.Collect$$libinit$$00000032)
    .ARM.Collect$$libinit$$00000033          0x00000146   Section        2  libinit2.o(.ARM.Collect$$libinit$$00000033)
    __lit__00000000                          0x00000148   Data           4  libinit3.o(.ARM.Collect$$libinit$$00002717)
    .ARM.Collect$$libinit$$00002717          0x00000148   Section        8  libinit3.o(.ARM.Collect$$libinit$$00002717)
    __lit__00000001                          0x0000014c   Data           4  libinit3.o(.ARM.Collect$$libinit$$00002717)
    .ARM.Collect$$libshutdown$$00000000      0x00000150   Section        2  libshutdown.o(.ARM.Collect$$libshutdown$$00000000)
    .ARM.Collect$$libshutdown$$00000002      0x00000152   Section        0  libshutdown2.o(.ARM.Collect$$libshutdown$$00000002)
    .ARM.Collect$$libshutdown$$00000004      0x00000152   Section        0  libshutdown2.o(.ARM.Collect$$libshutdown$$00000004)
    .ARM.Collect$$libshutdown$$00000007      0x00000152   Section        0  libshutdown2.o(.ARM.Collect$$libshutdown$$00000007)
    .ARM.Collect$$libshutdown$$0000000A      0x00000152   Section        0  libshutdown2.o(.ARM.Collect$$libshutdown$$0000000A)
    .ARM.Collect$$libshutdown$$0000000C      0x00000152   Section        0  libshutdown2.o(.ARM.Collect$$libshutdown$$0000000C)
    .ARM.Collect$$libshutdown$$0000000F      0x00000152   Section        0  libshutdown2.o(.ARM.Collect$$libshutdown$$0000000F)
    .ARM.Collect$$libshutdown$$00000010      0x00000152   Section        2  libshutdown2.o(.ARM.Collect$$libshutdown$$00000010)
    .ARM.Collect$$rtentry$$00000000          0x00000154   Section        0  __rtentry.o(.ARM.Collect$$rtentry$$00000000)
    .ARM.Collect$$rtentry$$00000002          0x00000154   Section        0  __rtentry2.o(.ARM.Collect$$rtentry$$00000002)
    .ARM.Collect$$rtentry$$00000005          0x00000154   Section        4  __rtentry5.o(.ARM.Collect$$rtentry$$00000005)
    .ARM.Collect$$rtentry$$00000009          0x00000158   Section        0  __rtentry2.o(.ARM.Collect$$rtentry$$00000009)
    .ARM.Collect$$rtentry$$0000000A          0x00000158   Section        4  __rtentry2.o(.ARM.Collect$$rtentry$$0000000A)
    .ARM.Collect$$rtentry$$0000000C          0x0000015c   Section        0  __rtentry2.o(.ARM.Collect$$rtentry$$0000000C)
    .ARM.Collect$$rtentry$$0000000D          0x0000015c   Section        8  __rtentry2.o(.ARM.Collect$$rtentry$$0000000D)
    __lit__00000000                          0x00000164   Data           4  __rtentry5.o(.ARM.Collect$$rtentry$$00002716)
    .ARM.Collect$$rtentry$$00002716          0x00000164   Section        4  __rtentry5.o(.ARM.Collect$$rtentry$$00002716)
    .ARM.Collect$$rtexit$$00000000           0x00000168   Section        2  rtexit.o(.ARM.Collect$$rtexit$$00000000)
    .ARM.Collect$$rtexit$$00000002           0x0000016a   Section        0  rtexit2.o(.ARM.Collect$$rtexit$$00000002)
    .ARM.Collect$$rtexit$$00000003           0x0000016a   Section        4  rtexit2.o(.ARM.Collect$$rtexit$$00000003)
    .ARM.Collect$$rtexit$$00000004           0x0000016e   Section        6  rtexit2.o(.ARM.Collect$$rtexit$$00000004)
    .emb_text                                0x00000174   Section       56  rt_memcpy.o(.emb_text)
    .text                                    0x000001ac   Section       48  startup_armcm0.o(.text)
    .text                                    0x000001dc   Section        0  h1_alloc.o(.text)
    .text                                    0x0000023e   Section        0  h1_free.o(.text)
    .text                                    0x0000028a   Section        0  rt_memcpy.o(.text)
    .text                                    0x0000030c   Section        0  rt_memclr.o(.text)
    .text                                    0x0000034c   Section      504  aeabi_sdivfast.o(.text)
    .text                                    0x00000544   Section        0  heapauxi.o(.text)
    .text                                    0x0000054c   Section        8  rt_heap_descriptor_intlibspace.o(.text)
    .text                                    0x00000554   Section        0  hguard.o(.text)
    .text                                    0x00000558   Section        0  init_alloc.o(.text)
    .text                                    0x000005e0   Section        0  h1_init.o(.text)
    .text                                    0x000005ee   Section        0  maybetermalloc1.o(.text)
    .text                                    0x000005ee   Section        0  h1_extend.o(.text)
    .text                                    0x00000622   Section        0  defsig_rtmem_outer.o(.text)
    .text                                    0x0000062e   Section        2  use_no_semi.o(.text)
    .text                                    0x00000630   Section        0  indicate_semi.o(.text)
    .text                                    0x00000630   Section        0  exit.o(.text)
    .text                                    0x00000640   Section        0  defsig_exit.o(.text)
    .text                                    0x0000064c   Section        0  defsig_rtmem_inner.o(.text)
    .text                                    0x0000069c   Section        0  sys_exit.o(.text)
    .text                                    0x000006a8   Section        0  defsig_general.o(.text)
    .text                                    0x000006dc   Section        0  sys_wrch.o(.text)
    [Anonymous Symbol]                       0x000006e8   Section        0  system_armcm0.o(.text.SystemInit)
    __arm_cp.1_0                             0x000006f0   Number         4  system_armcm0.o(.text.SystemInit)
    __arm_cp.1_1                             0x000006f4   Number         4  system_armcm0.o(.text.SystemInit)
    [Anonymous Symbol]                       0x000006f8   Section        0  lvls_map.o(.text.band_to_level)
    [Anonymous Symbol]                       0x00000712   Section        0  precinct.o(.text.bands_count_of)
    [Anonymous Symbol]                       0x00000718   Section        0  bitpacking.o(.text.bitpacker_add_padding)
    [Anonymous Symbol]                       0x0000074a   Section        0  bitpacking.o(.text.bitpacker_align)
    [Anonymous Symbol]                       0x0000076a   Section        0  bitpacking.o(.text.bitpacker_flush)
    [Anonymous Symbol]                       0x00000790   Section        0  bitpacking.o(.text.bitpacker_get_len)
    [Anonymous Symbol]                       0x000007a4   Section        0  bitpacking.o(.text.bitpacker_open)
    [Anonymous Symbol]                       0x000007b4   Section        0  bitpacking.o(.text.bitpacker_reset)
    [Anonymous Symbol]                       0x000007cc   Section        0  bitpacking.o(.text.bitpacker_set_buffer)
    [Anonymous Symbol]                       0x000007e4   Section        0  bitpacking.o(.text.bitpacker_write)
    [Anonymous Symbol]                       0x0000085e   Section        0  bitpacking.o(.text.bitpacker_write_unary_unsigned)
    [Anonymous Symbol]                       0x00000872   Section        0  budget.o(.text.budget_get_data_budget)
    [Anonymous Symbol]                       0x000008a0   Section        0  budget.o(.text.budget_get_sign_budget)
    [Anonymous Symbol]                       0x000008cc   Section        0  gcli.o(.text.compute_gcli_buf)
    __arm_cp.0_0                             0x00000958   Number         4  gcli.o(.text.compute_gcli_buf)
    __arm_cp.0_1                             0x0000095c   Number         4  gcli.o(.text.compute_gcli_buf)
    __arm_cp.0_2                             0x00000960   Number         4  gcli.o(.text.compute_gcli_buf)
    __arm_cp.0_3                             0x00000964   Number         4  gcli.o(.text.compute_gcli_buf)
    __arm_cp.0_4                             0x00000968   Number         4  gcli.o(.text.compute_gcli_buf)
    [Anonymous Symbol]                       0x0000096c   Section        0  sb_weighting.o(.text.compute_gtli_tables)
    [Anonymous Symbol]                       0x0000099e   Section        0  dwt53.o(.text.dwt53)
    [Anonymous Symbol]                       0x00000b14   Section        0  dwt53.o(.text.dwt53_get_lvl_sizes)
    [Anonymous Symbol]                       0x00000b42   Section        0  dwt53.o(.text.dwt53_wrap)
    [Anonymous Symbol]                       0x00000ba4   Section        0  main.o(.text.elec2570_image_init)
    __arm_cp.1_0                             0x00000bdc   Number         4  main.o(.text.elec2570_image_init)
    __arm_cp.1_1                             0x00000be0   Number         4  main.o(.text.elec2570_image_init)
    [Anonymous Symbol]                       0x00000be4   Section        0  budget.o(.text.fill_data_budget_table)
    [Anonymous Symbol]                       0x00000c78   Section        0  budget.o(.text.fill_gcli_budget_table)
    [Anonymous Symbol]                       0x00000cea   Section        0  lvls_map.o(.text.fill_lvls_map)
    [Anonymous Symbol]                       0x00000e68   Section        0  precinct.o(.text.fill_precinct)
    [Anonymous Symbol]                       0x00000eba   Section        0  lvls_map.o(.text.first_band_of_map)
    [Anonymous Symbol]                       0x00000ec2   Section        0  image_transforms.o(.text.image_offset)
    [Anonymous Symbol]                       0x00000ee6   Section        0  image_transforms.o(.text.image_shift)
    [Anonymous Symbol]                       0x00000f7e   Section        0  precinct_budget.o(.text.init_budget_info)
    [Anonymous Symbol]                       0x00000fa0   Section        0  bitpacking.o(.text.ipx_htobe)
    [Anonymous Symbol]                       0x00000fbe   Section        0  lvls_map.o(.text.last_band_of_map)
    [Anonymous Symbol]                       0x00000fd8   Section        0  precinct.o(.text.line_count_of)
    [Anonymous Symbol]                       0x00000fde   Section        0  lvls_map.o(.text.lvlmap_get_ptr_by_column)
    [Anonymous Symbol]                       0x00001040   Section        0  main.o(.text.main)
    __arm_cp.0_0                             0x0000109c   Number         4  main.o(.text.main)
    __arm_cp.0_1                             0x000010a0   Number         4  main.o(.text.main)
    __arm_cp.0_2                             0x000010a4   Number         4  main.o(.text.main)
    [Anonymous Symbol]                       0x000010a8   Section        0  lvls_map.o(.text.map_get_NL)
    [Anonymous Symbol]                       0x000010b8   Section        0  lvls_map.o(.text.map_get_N_filtertypes)
    [Anonymous Symbol]                       0x000010ce   Section        0  packing.o(.text.pack_data)
    [Anonymous Symbol]                       0x00001136   Section        0  packing.o(.text.pack_gclis)
    [Anonymous Symbol]                       0x00001198   Section        0  packing.o(.text.pack_precinct)
    [Anonymous Symbol]                       0x000013a4   Section        0  packing.o(.text.pack_sign)
    __arm_cp.1_0                             0x000013fc   Number         4  packing.o(.text.pack_sign)
    pbt_get_data_bgt_of                      0x00001401   Thumb Code     4  budget.o(.text.pbt_get_data_bgt_of)
    [Anonymous Symbol]                       0x00001400   Section        0  budget.o(.text.pbt_get_data_bgt_of)
    pbt_get_data_bgt_of                      0x00001405   Thumb Code     4  precinct_budget.o(.text.pbt_get_data_bgt_of)
    [Anonymous Symbol]                       0x00001404   Section        0  precinct_budget.o(.text.pbt_get_data_bgt_of)
    pbt_get_gcli_bgt_of                      0x00001409   Thumb Code     2  budget.o(.text.pbt_get_gcli_bgt_of)
    [Anonymous Symbol]                       0x00001408   Section        0  budget.o(.text.pbt_get_gcli_bgt_of)
    pbt_get_gcli_bgt_of                      0x0000140b   Thumb Code     2  precinct_budget.o(.text.pbt_get_gcli_bgt_of)
    [Anonymous Symbol]                       0x0000140a   Section        0  precinct_budget.o(.text.pbt_get_gcli_bgt_of)
    pbt_get_sign_bgt_of                      0x0000140d   Thumb Code     4  budget.o(.text.pbt_get_sign_bgt_of)
    [Anonymous Symbol]                       0x0000140c   Section        0  budget.o(.text.pbt_get_sign_bgt_of)
    pbt_get_sign_bgt_of                      0x00001411   Thumb Code     4  precinct_budget.o(.text.pbt_get_sign_bgt_of)
    [Anonymous Symbol]                       0x00001410   Section        0  precinct_budget.o(.text.pbt_get_sign_bgt_of)
    [Anonymous Symbol]                       0x00001414   Section        0  precinct_budget.o(.text.pbt_open)
    [Anonymous Symbol]                       0x00001426   Section        0  precinct.o(.text.precinct_gcli_of)
    [Anonymous Symbol]                       0x0000142c   Section        0  precinct.o(.text.precinct_gcli_width_of)
    [Anonymous Symbol]                       0x00001434   Section        0  precinct_budget.o(.text.precinct_get_budget)
    [Anonymous Symbol]                       0x0000155c   Section        0  precinct.o(.text.precinct_is_first_of_slice)
    [Anonymous Symbol]                       0x0000157c   Section        0  precinct.o(.text.precinct_is_last_of_image)
    [Anonymous Symbol]                       0x00001598   Section        0  precinct.o(.text.precinct_line_of)
    precinct_lvl_of                          0x000015a1   Thumb Code    10  budget.o(.text.precinct_lvl_of)
    [Anonymous Symbol]                       0x000015a0   Section        0  budget.o(.text.precinct_lvl_of)
    precinct_lvl_of                          0x000015ab   Thumb Code    10  packing.o(.text.precinct_lvl_of)
    [Anonymous Symbol]                       0x000015aa   Section        0  packing.o(.text.precinct_lvl_of)
    precinct_nb_subpkts_of                   0x000015b5   Thumb Code     6  precinct_budget.o(.text.precinct_nb_subpkts_of)
    [Anonymous Symbol]                       0x000015b4   Section        0  precinct_budget.o(.text.precinct_nb_subpkts_of)
    [Anonymous Symbol]                       0x000015ba   Section        0  precinct.o(.text.precinct_open_column)
    precinct_subpkt_of                       0x00001623   Thumb Code    10  packing.o(.text.precinct_subpkt_of)
    [Anonymous Symbol]                       0x00001622   Section        0  packing.o(.text.precinct_subpkt_of)
    precinct_subpkt_of                       0x0000162d   Thumb Code    10  precinct_budget.o(.text.precinct_subpkt_of)
    [Anonymous Symbol]                       0x0000162c   Section        0  precinct_budget.o(.text.precinct_subpkt_of)
    [Anonymous Symbol]                       0x00001636   Section        0  precinct.o(.text.precinct_width_of)
    [Anonymous Symbol]                       0x0000163e   Section        0  rate_control.o(.text.rate_control)
    [Anonymous Symbol]                       0x000016f0   Section        0  rate_control.o(.text.rate_control_init)
    [Anonymous Symbol]                       0x000016fe   Section        0  rate_control.o(.text.rate_control_open)
    [Anonymous Symbol]                       0x0000174c   Section        0  tco_conf.o(.text.tco_conf_validate)
    __arm_cp.0_0                             0x0000182c   Number         4  tco_conf.o(.text.tco_conf_validate)
    [Anonymous Symbol]                       0x00001830   Section        0  tco_enc.o(.text.tco_enc_image)
    [Anonymous Symbol]                       0x00001920   Section        0  tco_enc.o(.text.tco_enc_init)
    [Anonymous Symbol]                       0x000019c0   Section        0  tco_enc.o(.text.tco_enc_transforms)
    [Anonymous Symbol]                       0x00001a4a   Section        0  image_transforms.o(.text.tco_image_apply_partial_dwt_hor)
    [Anonymous Symbol]                       0x00001b1e   Section        0  image_transforms.o(.text.tco_image_apply_partial_dwt_ver)
    to_hlvl                                  0x00001be3   Thumb Code    14  lvls_map.o(.text.to_hlvl)
    [Anonymous Symbol]                       0x00001be2   Section        0  lvls_map.o(.text.to_hlvl)
    [Anonymous Symbol]                       0x00001bf0   Section        0  sig_mag.o(.text.to_sig_mag_buf)
    to_vlvl                                  0x00001c23   Thumb Code    22  lvls_map.o(.text.to_vlvl)
    [Anonymous Symbol]                       0x00001c22   Section        0  lvls_map.o(.text.to_vlvl)
    [Anonymous Symbol]                       0x00001c38   Section        0  precinct.o(.text.update_gclis)
    [Anonymous Symbol]                       0x00001c8e   Section        0  lvls_map.o(.text.width_of_level)
    [Anonymous Symbol]                       0x00001cc8   Section        0  xs_markers.o(.text.xs_write_capabilities_marker)
    __arm_cp.1_0                             0x00001ce8   Number         4  xs_markers.o(.text.xs_write_capabilities_marker)
    [Anonymous Symbol]                       0x00001cec   Section        0  xs_markers.o(.text.xs_write_component_table)
    __arm_cp.3_0                             0x00001d64   Number         4  xs_markers.o(.text.xs_write_component_table)
    [Anonymous Symbol]                       0x00001d68   Section        0  xs_markers.o(.text.xs_write_head)
    __arm_cp.0_0                             0x00001dac   Number         4  xs_markers.o(.text.xs_write_head)
    [Anonymous Symbol]                       0x00001db0   Section        0  xs_markers.o(.text.xs_write_picture_header)
    __arm_cp.2_0                             0x00001f08   Number         4  xs_markers.o(.text.xs_write_picture_header)
    [Anonymous Symbol]                       0x00001f0c   Section        0  xs_markers.o(.text.xs_write_slice_header)
    __arm_cp.7_0                             0x00001f3c   Number         4  xs_markers.o(.text.xs_write_slice_header)
    [Anonymous Symbol]                       0x00001f40   Section        0  xs_markers.o(.text.xs_write_tail)
    __arm_cp.6_0                             0x00001f4c   Number         4  xs_markers.o(.text.xs_write_tail)
    [Anonymous Symbol]                       0x00001f50   Section        0  xs_markers.o(.text.xs_write_weights_table)
    __arm_cp.4_0                             0x00001ffc   Number         4  xs_markers.o(.text.xs_write_weights_table)
    .text_divfast                            0x00002000   Section      502  aeabi_sdivfast.o(.text_divfast)
    jpeg_xs_elec2570_conf                    0x000042b8   Data          52  main.o(.rodata.jpeg_xs_elec2570_conf)
    [Anonymous Symbol]                       0x000042b8   Section        0  main.o(.rodata.jpeg_xs_elec2570_conf)
    .bss                                     0x20000030   Section       96  libspace.o(.bss)
    HEAP                                     0x20000098   Section    22528  startup_armcm0.o(HEAP)
    STACK                                    0x20005898   Section     8192  startup_armcm0.o(STACK)

    Global Symbols

    Symbol Name                              Value     Ov Type        Size  Object(Section)

    BuildAttributes$$THM_ISAv3M$S$PE$A:L22$X:L11$S22$IEEE1$IW$~IW$USESV6$~STKCKD$USESV7$~SHL$OTIME$ROPI$EBA8$UX$STANDARDLIB$REQ8$PRES8$EABIv2 0x00000000   Number         0  anon$$obj.o ABSOLUTE
    __Vectors                                0x00000000   Data           4  startup_armcm0.o(RESET)
    Image$$ZI$$Limit                          - Undefined Weak Reference
    __ARM_exceptions_init                     - Undefined Weak Reference
    __alloca_initialize                       - Undefined Weak Reference
    __arm_preinit_                            - Undefined Weak Reference
    __cpp_initialize__aeabi_                  - Undefined Weak Reference
    __cxa_finalize                            - Undefined Weak Reference
    __rt_locale                               - Undefined Weak Reference
    __sigvec_lookup                           - Undefined Weak Reference
    __user_heap_extent                        - Undefined Weak Reference
    _atexit_init                              - Undefined Weak Reference
    _call_atexit_fns                          - Undefined Weak Reference
    _clock_init                               - Undefined Weak Reference
    _fp_trap_init                             - Undefined Weak Reference
    _fp_trap_shutdown                         - Undefined Weak Reference
    _get_lc_collate                           - Undefined Weak Reference
    _get_lc_ctype                             - Undefined Weak Reference
    _get_lc_monetary                          - Undefined Weak Reference
    _get_lc_numeric                           - Undefined Weak Reference
    _get_lc_time                              - Undefined Weak Reference
    _getenv_init                              - Undefined Weak Reference
    _handle_redirection                       - Undefined Weak Reference
    _initio                                   - Undefined Weak Reference
    _mutex_acquire                            - Undefined Weak Reference
    _mutex_free                               - Undefined Weak Reference
    _mutex_release                            - Undefined Weak Reference
    _rand_init                                - Undefined Weak Reference
    _signal_finish                            - Undefined Weak Reference
    _signal_init                              - Undefined Weak Reference
    _terminateio                              - Undefined Weak Reference
    __Vectors_End                            0x000000c0   Data           0  startup_armcm0.o(RESET)
    __Vectors_Size                           0x000000c0   Number         0  startup_armcm0.o ABSOLUTE
    __main                                   0x000000c1   Thumb Code     8  __main.o(!!!main)
    __scatterload                            0x000000c9   Thumb Code     0  __scatter.o(!!!scatter)
    __scatterload_rt2                        0x000000c9   Thumb Code    52  __scatter.o(!!!scatter)
    __scatterload_rt2_thumb_only             0x000000c9   Thumb Code     0  __scatter.o(!!!scatter)
    __scatterload_null                       0x000000d9   Thumb Code     0  __scatter.o(!!!scatter)
    __scatterload_copy                       0x00000105   Thumb Code    26  __scatter_copy.o(!!handler_copy)
    __scatterload_zeroinit                   0x00000121   Thumb Code    28  __scatter_zi.o(!!handler_zi)
    __rt_lib_init                            0x0000013d   Thumb Code     0  libinit.o(.ARM.Collect$$libinit$$00000000)
    __rt_lib_init_fp_1                       0x0000013f   Thumb Code     0  libinit2.o(.ARM.Collect$$libinit$$00000002)
    __rt_lib_init_heap_2                     0x0000013f   Thumb Code     0  libinit3.o(.ARM.Collect$$libinit$$00000006)
    __rt_lib_init_preinit_1                  0x0000013f   Thumb Code     0  libinit2.o(.ARM.Collect$$libinit$$00000004)
    __rt_lib_init_alloca_1                   0x00000147   Thumb Code     0  libinit2.o(.ARM.Collect$$libinit$$0000002E)
    __rt_lib_init_argv_1                     0x00000147   Thumb Code     0  libinit2.o(.ARM.Collect$$libinit$$0000002C)
    __rt_lib_init_atexit_1                   0x00000147   Thumb Code     0  libinit2.o(.ARM.Collect$$libinit$$0000001B)
    __rt_lib_init_clock_1                    0x00000147   Thumb Code     0  libinit2.o(.ARM.Collect$$libinit$$00000021)
    __rt_lib_init_cpp_1                      0x00000147   Thumb Code     0  libinit2.o(.ARM.Collect$$libinit$$00000032)
    __rt_lib_init_exceptions_1               0x00000147   Thumb Code     0  libinit2.o(.ARM.Collect$$libinit$$00000030)
    __rt_lib_init_fp_trap_1                  0x00000147   Thumb Code     0  libinit2.o(.ARM.Collect$$libinit$$0000001F)
    __rt_lib_init_getenv_1                   0x00000147   Thumb Code     0  libinit2.o(.ARM.Collect$$libinit$$00000023)
    __rt_lib_init_heap_1                     0x00000147   Thumb Code     0  libinit2.o(.ARM.Collect$$libinit$$0000000A)
    __rt_lib_init_lc_collate_1               0x00000147   Thumb Code     0  libinit2.o(.ARM.Collect$$libinit$$00000011)
    __rt_lib_init_lc_ctype_1                 0x00000147   Thumb Code     0  libinit2.o(.ARM.Collect$$libinit$$00000013)
    __rt_lib_init_lc_monetary_1              0x00000147   Thumb Code     0  libinit2.o(.ARM.Collect$$libinit$$00000015)
    __rt_lib_init_lc_numeric_1               0x00000147   Thumb Code     0  libinit2.o(.ARM.Collect$$libinit$$00000017)
    __rt_lib_init_lc_time_1                  0x00000147   Thumb Code     0  libinit2.o(.ARM.Collect$$libinit$$00000019)
    __rt_lib_init_rand_1                     0x00000147   Thumb Code     0  libinit2.o(.ARM.Collect$$libinit$$0000000E)
    __rt_lib_init_return                     0x00000147   Thumb Code     0  libinit2.o(.ARM.Collect$$libinit$$00000033)
    __rt_lib_init_signal_1                   0x00000147   Thumb Code     0  libinit2.o(.ARM.Collect$$libinit$$0000001D)
    __rt_lib_init_stdio_1                    0x00000147   Thumb Code     0  libinit2.o(.ARM.Collect$$libinit$$00000025)
    __rt_lib_init_user_alloc_1               0x00000147   Thumb Code     0  libinit2.o(.ARM.Collect$$libinit$$0000000C)
    __rt_lib_shutdown                        0x00000151   Thumb Code     0  libshutdown.o(.ARM.Collect$$libshutdown$$00000000)
    __rt_lib_shutdown_cpp_1                  0x00000153   Thumb Code     0  libshutdown2.o(.ARM.Collect$$libshutdown$$00000002)
    __rt_lib_shutdown_fp_trap_1              0x00000153   Thumb Code     0  libshutdown2.o(.ARM.Collect$$libshutdown$$00000007)
    __rt_lib_shutdown_heap_1                 0x00000153   Thumb Code     0  libshutdown2.o(.ARM.Collect$$libshutdown$$0000000F)
    __rt_lib_shutdown_return                 0x00000153   Thumb Code     0  libshutdown2.o(.ARM.Collect$$libshutdown$$00000010)
    __rt_lib_shutdown_signal_1               0x00000153   Thumb Code     0  libshutdown2.o(.ARM.Collect$$libshutdown$$0000000A)
    __rt_lib_shutdown_stdio_1                0x00000153   Thumb Code     0  libshutdown2.o(.ARM.Collect$$libshutdown$$00000004)
    __rt_lib_shutdown_user_alloc_1           0x00000153   Thumb Code     0  libshutdown2.o(.ARM.Collect$$libshutdown$$0000000C)
    __rt_entry                               0x00000155   Thumb Code     0  __rtentry.o(.ARM.Collect$$rtentry$$00000000)
    __rt_entry_presh_1                       0x00000155   Thumb Code     0  __rtentry2.o(.ARM.Collect$$rtentry$$00000002)
    __rt_entry_sh                            0x00000155   Thumb Code     0  __rtentry5.o(.ARM.Collect$$rtentry$$00000005)
    __rt_entry_li                            0x00000159   Thumb Code     0  __rtentry2.o(.ARM.Collect$$rtentry$$0000000A)
    __rt_entry_postsh_1                      0x00000159   Thumb Code     0  __rtentry2.o(.ARM.Collect$$rtentry$$00000009)
    __rt_entry_main                          0x0000015d   Thumb Code     0  __rtentry2.o(.ARM.Collect$$rtentry$$0000000D)
    __rt_entry_postli_1                      0x0000015d   Thumb Code     0  __rtentry2.o(.ARM.Collect$$rtentry$$0000000C)
    __rt_exit                                0x00000169   Thumb Code     0  rtexit.o(.ARM.Collect$$rtexit$$00000000)
    __rt_exit_ls                             0x0000016b   Thumb Code     0  rtexit2.o(.ARM.Collect$$rtexit$$00000003)
    __rt_exit_prels_1                        0x0000016b   Thumb Code     0  rtexit2.o(.ARM.Collect$$rtexit$$00000002)
    __rt_exit_exit                           0x0000016f   Thumb Code     0  rtexit2.o(.ARM.Collect$$rtexit$$00000004)
    __aeabi_memcpy4                          0x00000175   Thumb Code    56  rt_memcpy.o(.emb_text)
    __aeabi_memcpy8                          0x00000175   Thumb Code     0  rt_memcpy.o(.emb_text)
    Reset_Handler                            0x000001ad   Thumb Code     8  startup_armcm0.o(.text)
    HardFault_Handler                        0x000001b5   Thumb Code     2  startup_armcm0.o(.text)
    NMI_Handler                              0x000001b7   Thumb Code     2  startup_armcm0.o(.text)
    SVC_Handler                              0x000001b9   Thumb Code     2  startup_armcm0.o(.text)
    PendSV_Handler                           0x000001bb   Thumb Code     2  startup_armcm0.o(.text)
    SysTick_Handler                          0x000001bd   Thumb Code     2  startup_armcm0.o(.text)
    Interrupt0_Handler                       0x000001bf   Thumb Code     2  startup_armcm0.o(.text)
    Interrupt1_Handler                       0x000001c1   Thumb Code     2  startup_armcm0.o(.text)
    Interrupt2_Handler                       0x000001c3   Thumb Code     2  startup_armcm0.o(.text)
    Interrupt3_Handler                       0x000001c5   Thumb Code     2  startup_armcm0.o(.text)
    Interrupt4_Handler                       0x000001c7   Thumb Code     2  startup_armcm0.o(.text)
    Interrupt5_Handler                       0x000001c9   Thumb Code     2  startup_armcm0.o(.text)
    Interrupt6_Handler                       0x000001cb   Thumb Code     2  startup_armcm0.o(.text)
    Interrupt7_Handler                       0x000001cd   Thumb Code     2  startup_armcm0.o(.text)
    Interrupt8_Handler                       0x000001cf   Thumb Code     2  startup_armcm0.o(.text)
    Interrupt9_Handler                       0x000001d1   Thumb Code     2  startup_armcm0.o(.text)
    malloc                                   0x000001dd   Thumb Code    98  h1_alloc.o(.text)
    free                                     0x0000023f   Thumb Code    76  h1_free.o(.text)
    __aeabi_memcpy                           0x0000028b   Thumb Code   130  rt_memcpy.o(.text)
    __rt_memcpy                              0x0000028b   Thumb Code     0  rt_memcpy.o(.text)
    _memset_w                                0x0000030d   Thumb Code    26  rt_memclr.o(.text)
    _memset                                  0x00000327   Thumb Code    30  rt_memclr.o(.text)
    __aeabi_memclr                           0x00000345   Thumb Code     4  rt_memclr.o(.text)
    __rt_memclr                              0x00000345   Thumb Code     0  rt_memclr.o(.text)
    __aeabi_memclr4                          0x00000349   Thumb Code     0  rt_memclr.o(.text)
    __aeabi_memclr8                          0x00000349   Thumb Code     0  rt_memclr.o(.text)
    __rt_memclr_w                            0x00000349   Thumb Code     4  rt_memclr.o(.text)
    __aeabi_uidivmod                         0x0000034d   Thumb Code    28  aeabi_sdivfast.o(.text)
    __aeabi_idivmod                          0x00000369   Thumb Code   472  aeabi_sdivfast.o(.text)
    __use_two_region_memory                  0x00000545   Thumb Code     2  heapauxi.o(.text)
    __rt_heap_escrow                         0x00000547   Thumb Code     2  heapauxi.o(.text)
    __rt_heap_expand                         0x00000549   Thumb Code     2  heapauxi.o(.text)
    __rt_heap_descriptor                     0x0000054d   Thumb Code     8  rt_heap_descriptor_intlibspace.o(.text)
    __use_no_heap                            0x00000555   Thumb Code     2  hguard.o(.text)
    __heap$guard                             0x00000557   Thumb Code     2  hguard.o(.text)
    _terminate_user_alloc                    0x00000559   Thumb Code     2  init_alloc.o(.text)
    _init_user_alloc                         0x0000055b   Thumb Code     2  init_alloc.o(.text)
    __Heap_Full                              0x0000055d   Thumb Code    32  init_alloc.o(.text)
    __Heap_Broken                            0x0000057d   Thumb Code    10  init_alloc.o(.text)
    _init_alloc                              0x00000587   Thumb Code    90  init_alloc.o(.text)
    __Heap_Initialize                        0x000005e1   Thumb Code    10  h1_init.o(.text)
    __Heap_DescSize                          0x000005eb   Thumb Code     4  h1_init.o(.text)
    __Heap_ProvideMemory                     0x000005ef   Thumb Code    52  h1_extend.o(.text)
    _maybe_terminate_alloc                   0x000005ef   Thumb Code     0  maybetermalloc1.o(.text)
    __rt_SIGRTMEM                            0x00000623   Thumb Code    12  defsig_rtmem_outer.o(.text)
    __I$use$semihosting                      0x0000062f   Thumb Code     0  use_no_semi.o(.text)
    __use_no_semihosting_swi                 0x0000062f   Thumb Code     2  use_no_semi.o(.text)
    __semihosting_library_function           0x00000631   Thumb Code     0  indicate_semi.o(.text)
    exit                                     0x00000631   Thumb Code    16  exit.o(.text)
    __sig_exit                               0x00000641   Thumb Code    12  defsig_exit.o(.text)
    __rt_SIGRTMEM_inner                      0x0000064d   Thumb Code    22  defsig_rtmem_inner.o(.text)
    _sys_exit                                0x0000069d   Thumb Code     8  sys_exit.o(.text)
    __default_signal_display                 0x000006a9   Thumb Code    52  defsig_general.o(.text)
    _ttywrch                                 0x000006dd   Thumb Code    12  sys_wrch.o(.text)
    SystemInit                               0x000006e9   Thumb Code     8  system_armcm0.o(.text.SystemInit)
    band_to_level                            0x000006f9   Thumb Code    26  lvls_map.o(.text.band_to_level)
    bands_count_of                           0x00000713   Thumb Code     6  precinct.o(.text.bands_count_of)
    bitpacker_add_padding                    0x00000719   Thumb Code    50  bitpacking.o(.text.bitpacker_add_padding)
    bitpacker_align                          0x0000074b   Thumb Code    32  bitpacking.o(.text.bitpacker_align)
    bitpacker_flush                          0x0000076b   Thumb Code    38  bitpacking.o(.text.bitpacker_flush)
    bitpacker_get_len                        0x00000791   Thumb Code    20  bitpacking.o(.text.bitpacker_get_len)
    bitpacker_open                           0x000007a5   Thumb Code    16  bitpacking.o(.text.bitpacker_open)
    bitpacker_reset                          0x000007b5   Thumb Code    24  bitpacking.o(.text.bitpacker_reset)
    bitpacker_set_buffer                     0x000007cd   Thumb Code    24  bitpacking.o(.text.bitpacker_set_buffer)
    bitpacker_write                          0x000007e5   Thumb Code   122  bitpacking.o(.text.bitpacker_write)
    bitpacker_write_unary_unsigned           0x0000085f   Thumb Code    20  bitpacking.o(.text.bitpacker_write_unary_unsigned)
    budget_get_data_budget                   0x00000873   Thumb Code    44  budget.o(.text.budget_get_data_budget)
    budget_get_sign_budget                   0x000008a1   Thumb Code    44  budget.o(.text.budget_get_sign_budget)
    compute_gcli_buf                         0x000008cd   Thumb Code   140  gcli.o(.text.compute_gcli_buf)
    compute_gtli_tables                      0x0000096d   Thumb Code    50  sb_weighting.o(.text.compute_gtli_tables)
    dwt53                                    0x0000099f   Thumb Code   374  dwt53.o(.text.dwt53)
    dwt53_get_lvl_sizes                      0x00000b15   Thumb Code    46  dwt53.o(.text.dwt53_get_lvl_sizes)
    dwt53_wrap                               0x00000b43   Thumb Code    96  dwt53.o(.text.dwt53_wrap)
    elec2570_image_init                      0x00000ba5   Thumb Code    56  main.o(.text.elec2570_image_init)
    fill_data_budget_table                   0x00000be5   Thumb Code   148  budget.o(.text.fill_data_budget_table)
    fill_gcli_budget_table                   0x00000c79   Thumb Code   114  budget.o(.text.fill_gcli_budget_table)
    fill_lvls_map                            0x00000ceb   Thumb Code   382  lvls_map.o(.text.fill_lvls_map)
    fill_precinct                            0x00000e69   Thumb Code    82  precinct.o(.text.fill_precinct)
    first_band_of_map                        0x00000ebb   Thumb Code     8  lvls_map.o(.text.first_band_of_map)
    image_offset                             0x00000ec3   Thumb Code    36  image_transforms.o(.text.image_offset)
    image_shift                              0x00000ee7   Thumb Code   152  image_transforms.o(.text.image_shift)
    init_budget_info                         0x00000f7f   Thumb Code    34  precinct_budget.o(.text.init_budget_info)
    ipx_htobe                                0x00000fa1   Thumb Code    30  bitpacking.o(.text.ipx_htobe)
    last_band_of_map                         0x00000fbf   Thumb Code    26  lvls_map.o(.text.last_band_of_map)
    line_count_of                            0x00000fd9   Thumb Code     6  precinct.o(.text.line_count_of)
    lvlmap_get_ptr_by_column                 0x00000fdf   Thumb Code    96  lvls_map.o(.text.lvlmap_get_ptr_by_column)
    main                                     0x00001041   Thumb Code    92  main.o(.text.main)
    map_get_NL                               0x000010a9   Thumb Code    16  lvls_map.o(.text.map_get_NL)
    map_get_N_filtertypes                    0x000010b9   Thumb Code    22  lvls_map.o(.text.map_get_N_filtertypes)
    pack_data                                0x000010cf   Thumb Code   104  packing.o(.text.pack_data)
    pack_gclis                               0x00001137   Thumb Code    98  packing.o(.text.pack_gclis)
    pack_precinct                            0x00001199   Thumb Code   522  packing.o(.text.pack_precinct)
    pack_sign                                0x000013a5   Thumb Code    88  packing.o(.text.pack_sign)
    pbt_open                                 0x00001415   Thumb Code    18  precinct_budget.o(.text.pbt_open)
    precinct_gcli_of                         0x00001427   Thumb Code     6  precinct.o(.text.precinct_gcli_of)
    precinct_gcli_width_of                   0x0000142d   Thumb Code     8  precinct.o(.text.precinct_gcli_width_of)
    precinct_get_budget                      0x00001435   Thumb Code   296  precinct_budget.o(.text.precinct_get_budget)
    precinct_is_first_of_slice               0x0000155d   Thumb Code    32  precinct.o(.text.precinct_is_first_of_slice)
    precinct_is_last_of_image                0x0000157d   Thumb Code    28  precinct.o(.text.precinct_is_last_of_image)
    precinct_line_of                         0x00001599   Thumb Code     8  precinct.o(.text.precinct_line_of)
    precinct_open_column                     0x000015bb   Thumb Code   104  precinct.o(.text.precinct_open_column)
    precinct_width_of                        0x00001637   Thumb Code     8  precinct.o(.text.precinct_width_of)
    rate_control                             0x0000163f   Thumb Code   178  rate_control.o(.text.rate_control)
    rate_control_init                        0x000016f1   Thumb Code    14  rate_control.o(.text.rate_control_init)
    rate_control_open                        0x000016ff   Thumb Code    78  rate_control.o(.text.rate_control_open)
    tco_conf_validate                        0x0000174d   Thumb Code   224  tco_conf.o(.text.tco_conf_validate)
    tco_enc_image                            0x00001831   Thumb Code   240  tco_enc.o(.text.tco_enc_image)
    tco_enc_init                             0x00001921   Thumb Code   160  tco_enc.o(.text.tco_enc_init)
    tco_enc_transforms                       0x000019c1   Thumb Code   138  tco_enc.o(.text.tco_enc_transforms)
    tco_image_apply_partial_dwt_hor          0x00001a4b   Thumb Code   212  image_transforms.o(.text.tco_image_apply_partial_dwt_hor)
    tco_image_apply_partial_dwt_ver          0x00001b1f   Thumb Code   196  image_transforms.o(.text.tco_image_apply_partial_dwt_ver)
    to_sig_mag_buf                           0x00001bf1   Thumb Code    50  sig_mag.o(.text.to_sig_mag_buf)
    update_gclis                             0x00001c39   Thumb Code    86  precinct.o(.text.update_gclis)
    width_of_level                           0x00001c8f   Thumb Code    56  lvls_map.o(.text.width_of_level)
    xs_write_capabilities_marker             0x00001cc9   Thumb Code    32  xs_markers.o(.text.xs_write_capabilities_marker)
    xs_write_component_table                 0x00001ced   Thumb Code   120  xs_markers.o(.text.xs_write_component_table)
    xs_write_head                            0x00001d69   Thumb Code    68  xs_markers.o(.text.xs_write_head)
    xs_write_picture_header                  0x00001db1   Thumb Code   344  xs_markers.o(.text.xs_write_picture_header)
    xs_write_slice_header                    0x00001f0d   Thumb Code    48  xs_markers.o(.text.xs_write_slice_header)
    xs_write_tail                            0x00001f41   Thumb Code    12  xs_markers.o(.text.xs_write_tail)
    xs_write_weights_table                   0x00001f51   Thumb Code   172  xs_markers.o(.text.xs_write_weights_table)
    __aeabi_uidiv                            0x00002001   Thumb Code    68  aeabi_sdivfast.o(.text_divfast)
    __aeabi_idiv                             0x00002045   Thumb Code   434  aeabi_sdivfast.o(.text_divfast)
    input_image                              0x000021f6   Data        8384  main.o(.rodata.input_image)
    Region$$Table$$Base                      0x000042ec   Number         0  anon$$obj.o(Region$$Table)
    Region$$Table$$Limit                     0x0000430c   Number         0  anon$$obj.o(Region$$Table)
    SystemCoreClock                          0x20000000   Data           4  system_armcm0.o(.data.SystemCoreClock)
    default_weights                          0x20000004   Data          44  tco_conf.o(.data.default_weights)
    __libspace_start                         0x20000030   Data          96  libspace.o(.bss)
    __temporary_stack_top$libspace           0x20000090   Data           0  libspace.o(.bss)
    bitstream_buf                            0x20000090   Data           4  main.o(.bss.bitstream_buf)
    bitstream_size                           0x20000094   Data           4  main.o(.bss.bitstream_size)
    __heap_base                              0x20000098   Data           0  startup_armcm0.o(HEAP)
    __heap_limit                             0x20005898   Data           0  startup_armcm0.o(HEAP)
    __stack_limit                            0x20005898   Data           0  startup_armcm0.o(STACK)
    __initial_sp                             0x20007898   Data           0  startup_armcm0.o(STACK)



==============================================================================

Memory Map of the image

  Image Entry point : 0x000000c1

  Load Region LR_IROM1 (Base: 0x00000000, Size: 0x00004340, Max: 0x00008000, ABSOLUTE)

    Execution Region ER_IROM1 (Exec base: 0x00000000, Load base: 0x00000000, Size: 0x0000430c, Max: 0x00008000, ABSOLUTE)

    Exec Addr    Load Addr    Size         Type   Attr      Idx    E Section Name        Object

    0x00000000   0x00000000   0x000000c0   Data   RO          305    RESET               startup_armcm0.o
    0x000000c0   0x000000c0   0x00000008   Code   RO          404  * !!!main             c_p.l(__main.o)
    0x000000c8   0x000000c8   0x0000003c   Code   RO          634    !!!scatter          c_p.l(__scatter.o)
    0x00000104   0x00000104   0x0000001a   Code   RO          636    !!handler_copy      c_p.l(__scatter_copy.o)
    0x0000011e   0x0000011e   0x00000002   PAD
    0x00000120   0x00000120   0x0000001c   Code   RO          638    !!handler_zi        c_p.l(__scatter_zi.o)
    0x0000013c   0x0000013c   0x00000002   Code   RO          560    .ARM.Collect$$libinit$$00000000  c_p.l(libinit.o)
    0x0000013e   0x0000013e   0x00000000   Code   RO          439    .ARM.Collect$$libinit$$00000002  c_p.l(libinit2.o)
    0x0000013e   0x0000013e   0x00000000   Code   RO          441    .ARM.Collect$$libinit$$00000004  c_p.l(libinit2.o)
    0x0000013e   0x0000013e   0x00000008   Code   RO          582    .ARM.Collect$$libinit$$00000006  c_p.l(libinit3.o)
    0x00000146   0x00000146   0x00000000   Code   RO          444    .ARM.Collect$$libinit$$0000000A  c_p.l(libinit2.o)
    0x00000146   0x00000146   0x00000000   Code   RO          446    .ARM.Collect$$libinit$$0000000C  c_p.l(libinit2.o)
    0x00000146   0x00000146   0x00000000   Code   RO          448    .ARM.Collect$$libinit$$0000000E  c_p.l(libinit2.o)
    0x00000146   0x00000146   0x00000000   Code   RO          451    .ARM.Collect$$libinit$$00000011  c_p.l(libinit2.o)
    0x00000146   0x00000146   0x00000000   Code   RO          453    .ARM.Collect$$libinit$$00000013  c_p.l(libinit2.o)
    0x00000146   0x00000146   0x00000000   Code   RO          455    .ARM.Collect$$libinit$$00000015  c_p.l(libinit2.o)
    0x00000146   0x00000146   0x00000000   Code   RO          457    .ARM.Collect$$libinit$$00000017  c_p.l(libinit2.o)
    0x00000146   0x00000146   0x00000000   Code   RO          459    .ARM.Collect$$libinit$$00000019  c_p.l(libinit2.o)
    0x00000146   0x00000146   0x00000000   Code   RO          461    .ARM.Collect$$libinit$$0000001B  c_p.l(libinit2.o)
    0x00000146   0x00000146   0x00000000   Code   RO          463    .ARM.Collect$$libinit$$0000001D  c_p.l(libinit2.o)
    0x00000146   0x00000146   0x00000000   Code   RO          465    .ARM.Collect$$libinit$$0000001F  c_p.l(libinit2.o)
    0x00000146   0x00000146   0x00000000   Code   RO          467    .ARM.Collect$$libinit$$00000021  c_p.l(libinit2.o)
    0x00000146   0x00000146   0x00000000   Code   RO          469    .ARM.Collect$$libinit$$00000023  c_p.l(libinit2.o)
    0x00000146   0x00000146   0x00000000   Code   RO          471    .ARM.Collect$$libinit$$00000025  c_p.l(libinit2.o)
    0x00000146   0x00000146   0x00000000   Code   RO          475    .ARM.Collect$$libinit$$0000002C  c_p.l(libinit2.o)
    0x00000146   0x00000146   0x00000000   Code   RO          477    .ARM.Collect$$libinit$$0000002E  c_p.l(libinit2.o)
    0x00000146   0x00000146   0x00000000   Code   RO          479    .ARM.Collect$$libinit$$00000030  c_p.l(libinit2.o)
    0x00000146   0x00000146   0x00000000   Code   RO          481    .ARM.Collect$$libinit$$00000032  c_p.l(libinit2.o)
    0x00000146   0x00000146   0x00000002   Code   RO          482    .ARM.Collect$$libinit$$00000033  c_p.l(libinit2.o)
    0x00000148   0x00000148   0x00000008   Code   RO          583    .ARM.Collect$$libinit$$00002717  c_p.l(libinit3.o)
    0x00000150   0x00000150   0x00000002   Code   RO          631    .ARM.Collect$$libshutdown$$00000000  c_p.l(libshutdown.o)
    0x00000152   0x00000152   0x00000000   Code   RO          587    .ARM.Collect$$libshutdown$$00000002  c_p.l(libshutdown2.o)
    0x00000152   0x00000152   0x00000000   Code   RO          589    .ARM.Collect$$libshutdown$$00000004  c_p.l(libshutdown2.o)
    0x00000152   0x00000152   0x00000000   Code   RO          592    .ARM.Collect$$libshutdown$$00000007  c_p.l(libshutdown2.o)
    0x00000152   0x00000152   0x00000000   Code   RO          595    .ARM.Collect$$libshutdown$$0000000A  c_p.l(libshutdown2.o)
    0x00000152   0x00000152   0x00000000   Code   RO          597    .ARM.Collect$$libshutdown$$0000000C  c_p.l(libshutdown2.o)
    0x00000152   0x00000152   0x00000000   Code   RO          600    .ARM.Collect$$libshutdown$$0000000F  c_p.l(libshutdown2.o)
    0x00000152   0x00000152   0x00000002   Code   RO          601    .ARM.Collect$$libshutdown$$00000010  c_p.l(libshutdown2.o)
    0x00000154   0x00000154   0x00000000   Code   RO          408    .ARM.Collect$$rtentry$$00000000  c_p.l(__rtentry.o)
    0x00000154   0x00000154   0x00000000   Code   RO          491    .ARM.Collect$$rtentry$$00000002  c_p.l(__rtentry2.o)
    0x00000154   0x00000154   0x00000004   Code   RO          505    .ARM.Collect$$rtentry$$00000005  c_p.l(__rtentry5.o)
    0x00000158   0x00000158   0x00000000   Code   RO          493    .ARM.Collect$$rtentry$$00000009  c_p.l(__rtentry2.o)
    0x00000158   0x00000158   0x00000004   Code   RO          494    .ARM.Collect$$rtentry$$0000000A  c_p.l(__rtentry2.o)
    0x0000015c   0x0000015c   0x00000000   Code   RO          496    .ARM.Collect$$rtentry$$0000000C  c_p.l(__rtentry2.o)
    0x0000015c   0x0000015c   0x00000008   Code   RO          497    .ARM.Collect$$rtentry$$0000000D  c_p.l(__rtentry2.o)
    0x00000164   0x00000164   0x00000004   Code   RO          506    .ARM.Collect$$rtentry$$00002716  c_p.l(__rtentry5.o)
    0x00000168   0x00000168   0x00000002   Code   RO          570    .ARM.Collect$$rtexit$$00000000  c_p.l(rtexit.o)
    0x0000016a   0x0000016a   0x00000000   Code   RO          607    .ARM.Collect$$rtexit$$00000002  c_p.l(rtexit2.o)
    0x0000016a   0x0000016a   0x00000004   Code   RO          608    .ARM.Collect$$rtexit$$00000003  c_p.l(rtexit2.o)
    0x0000016e   0x0000016e   0x00000006   Code   RO          609    .ARM.Collect$$rtexit$$00000004  c_p.l(rtexit2.o)
    0x00000174   0x00000174   0x00000038   Code   RO          388    .emb_text           c_p.l(rt_memcpy.o)
    0x000001ac   0x000001ac   0x00000030   Code   RO          306    .text               startup_armcm0.o
    0x000001dc   0x000001dc   0x00000062   Code   RO          330    .text               c_p.l(h1_alloc.o)
    0x0000023e   0x0000023e   0x0000004c   Code   RO          332    .text               c_p.l(h1_free.o)
    0x0000028a   0x0000028a   0x00000082   Code   RO          389    .text               c_p.l(rt_memcpy.o)
    0x0000030c   0x0000030c   0x00000040   Code   RO          392    .text               c_p.l(rt_memclr.o)
    0x0000034c   0x0000034c   0x000001f8   Code   RO          394    .text               c_p.l(aeabi_sdivfast.o)
    0x00000544   0x00000544   0x00000006   Code   RO          402    .text               c_p.l(heapauxi.o)
    0x0000054a   0x0000054a   0x00000002   PAD
    0x0000054c   0x0000054c   0x00000008   Code   RO          416    .text               c_p.l(rt_heap_descriptor_intlibspace.o)
    0x00000554   0x00000554   0x00000004   Code   RO          418    .text               c_p.l(hguard.o)
    0x00000558   0x00000558   0x00000088   Code   RO          420    .text               c_p.l(init_alloc.o)
    0x000005e0   0x000005e0   0x0000000e   Code   RO          424    .text               c_p.l(h1_init.o)
    0x000005ee   0x000005ee   0x00000000   Code   RO          514    .text               c_p.l(maybetermalloc1.o)
    0x000005ee   0x000005ee   0x00000034   Code   RO          516    .text               c_p.l(h1_extend.o)
    0x00000622   0x00000622   0x0000000c   Code   RO          520    .text               c_p.l(defsig_rtmem_outer.o)
    0x0000062e   0x0000062e   0x00000002   Code   RO          531    .text               c_p.l(use_no_semi.o)
    0x00000630   0x00000630   0x00000000   Code   RO          533    .text               c_p.l(indicate_semi.o)
    0x00000630   0x00000630   0x00000010   Code   RO          541    .text               c_p.l(exit.o)
    0x00000640   0x00000640   0x0000000c   Code   RO          543    .text               c_p.l(defsig_exit.o)
    0x0000064c   0x0000064c   0x00000050   Code   RO          549    .text               c_p.l(defsig_rtmem_inner.o)
    0x0000069c   0x0000069c   0x0000000c   Code   RO          561    .text               c_p.l(sys_exit.o)
    0x000006a8   0x000006a8   0x00000034   Code   RO          578    .text               c_p.l(defsig_general.o)
    0x000006dc   0x000006dc   0x0000000c   Code   RO          602    .text               c_p.l(sys_wrch.o)
    0x000006e8   0x000006e8   0x00000010   Code   RO          315    .text.SystemInit    system_armcm0.o
    0x000006f8   0x000006f8   0x0000001a   Code   RO          101    .text.band_to_level  lvls_map.o
    0x00000712   0x00000712   0x00000006   Code   RO          176    .text.bands_count_of  precinct.o
    0x00000718   0x00000718   0x00000032   Code   RO           22    .text.bitpacker_add_padding  bitpacking.o
    0x0000074a   0x0000074a   0x00000020   Code   RO           18    .text.bitpacker_align  bitpacking.o
    0x0000076a   0x0000076a   0x00000026   Code   RO           16    .text.bitpacker_flush  bitpacking.o
    0x00000790   0x00000790   0x00000014   Code   RO           20    .text.bitpacker_get_len  bitpacking.o
    0x000007a4   0x000007a4   0x00000010   Code   RO            4    .text.bitpacker_open  bitpacking.o
    0x000007b4   0x000007b4   0x00000018   Code   RO            8    .text.bitpacker_reset  bitpacking.o
    0x000007cc   0x000007cc   0x00000018   Code   RO            6    .text.bitpacker_set_buffer  bitpacking.o
    0x000007e4   0x000007e4   0x0000007a   Code   RO           12    .text.bitpacker_write  bitpacking.o
    0x0000085e   0x0000085e   0x00000014   Code   RO           14    .text.bitpacker_write_unary_unsigned  bitpacking.o
    0x00000872   0x00000872   0x0000002c   Code   RO           36    .text.budget_get_data_budget  budget.o
    0x0000089e   0x0000089e   0x00000002   PAD
    0x000008a0   0x000008a0   0x0000002c   Code   RO           40    .text.budget_get_sign_budget  budget.o
    0x000008cc   0x000008cc   0x000000a0   Code   RO           72    .text.compute_gcli_buf  gcli.o
    0x0000096c   0x0000096c   0x00000032   Code   RO          238    .text.compute_gtli_tables  sb_weighting.o
    0x0000099e   0x0000099e   0x00000176   Code   RO           60    .text.dwt53         dwt53.o
    0x00000b14   0x00000b14   0x0000002e   Code   RO           58    .text.dwt53_get_lvl_sizes  dwt53.o
    0x00000b42   0x00000b42   0x00000060   Code   RO           62    .text.dwt53_wrap    dwt53.o
    0x00000ba2   0x00000ba2   0x00000002   PAD
    0x00000ba4   0x00000ba4   0x00000040   Code   RO          133    .text.elec2570_image_init  main.o
    0x00000be4   0x00000be4   0x00000094   Code   RO           32    .text.fill_data_budget_table  budget.o
    0x00000c78   0x00000c78   0x00000072   Code   RO           46    .text.fill_gcli_budget_table  budget.o
    0x00000cea   0x00000cea   0x0000017e   Code   RO          115    .text.fill_lvls_map  lvls_map.o
    0x00000e68   0x00000e68   0x00000052   Code   RO          170    .text.fill_precinct  precinct.o
    0x00000eba   0x00000eba   0x00000008   Code   RO          105    .text.first_band_of_map  lvls_map.o
    0x00000ec2   0x00000ec2   0x00000024   Code   RO           83    .text.image_offset  image_transforms.o
    0x00000ee6   0x00000ee6   0x00000098   Code   RO           81    .text.image_shift   image_transforms.o
    0x00000f7e   0x00000f7e   0x00000022   Code   RO          198    .text.init_budget_info  precinct_budget.o
    0x00000fa0   0x00000fa0   0x0000001e   Code   RO            2    .text.ipx_htobe     bitpacking.o
    0x00000fbe   0x00000fbe   0x0000001a   Code   RO          107    .text.last_band_of_map  lvls_map.o
    0x00000fd8   0x00000fd8   0x00000006   Code   RO          178    .text.line_count_of  precinct.o
    0x00000fde   0x00000fde   0x00000060   Code   RO          121    .text.lvlmap_get_ptr_by_column  lvls_map.o
    0x0000103e   0x0000103e   0x00000002   PAD
    0x00001040   0x00001040   0x00000068   Code   RO          131    .text.main          main.o
    0x000010a8   0x000010a8   0x00000010   Code   RO           99    .text.map_get_NL    lvls_map.o
    0x000010b8   0x000010b8   0x00000016   Code   RO           97    .text.map_get_N_filtertypes  lvls_map.o
    0x000010ce   0x000010ce   0x00000068   Code   RO          148    .text.pack_data     packing.o
    0x00001136   0x00001136   0x00000062   Code   RO          152    .text.pack_gclis    packing.o
    0x00001198   0x00001198   0x0000020a   Code   RO          154    .text.pack_precinct  packing.o
    0x000013a2   0x000013a2   0x00000002   PAD
    0x000013a4   0x000013a4   0x0000005c   Code   RO          150    .text.pack_sign     packing.o
    0x00001400   0x00001400   0x00000004   Code   RO           38    .text.pbt_get_data_bgt_of  budget.o
    0x00001404   0x00001404   0x00000004   Code   RO          208    .text.pbt_get_data_bgt_of  precinct_budget.o
    0x00001408   0x00001408   0x00000002   Code   RO           48    .text.pbt_get_gcli_bgt_of  budget.o
    0x0000140a   0x0000140a   0x00000002   Code   RO          206    .text.pbt_get_gcli_bgt_of  precinct_budget.o
    0x0000140c   0x0000140c   0x00000004   Code   RO           42    .text.pbt_get_sign_bgt_of  budget.o
    0x00001410   0x00001410   0x00000004   Code   RO          210    .text.pbt_get_sign_bgt_of  precinct_budget.o
    0x00001414   0x00001414   0x00000012   Code   RO          212    .text.pbt_open      precinct_budget.o
    0x00001426   0x00001426   0x00000006   Code   RO          180    .text.precinct_gcli_of  precinct.o
    0x0000142c   0x0000142c   0x00000008   Code   RO          182    .text.precinct_gcli_width_of  precinct.o
    0x00001434   0x00001434   0x00000128   Code   RO          200    .text.precinct_get_budget  precinct_budget.o
    0x0000155c   0x0000155c   0x00000020   Code   RO          186    .text.precinct_is_first_of_slice  precinct.o
    0x0000157c   0x0000157c   0x0000001c   Code   RO          188    .text.precinct_is_last_of_image  precinct.o
    0x00001598   0x00001598   0x00000008   Code   RO          172    .text.precinct_line_of  precinct.o
    0x000015a0   0x000015a0   0x0000000a   Code   RO           34    .text.precinct_lvl_of  budget.o
    0x000015aa   0x000015aa   0x0000000a   Code   RO          156    .text.precinct_lvl_of  packing.o
    0x000015b4   0x000015b4   0x00000006   Code   RO          202    .text.precinct_nb_subpkts_of  precinct_budget.o
    0x000015ba   0x000015ba   0x00000068   Code   RO          168    .text.precinct_open_column  precinct.o
    0x00001622   0x00001622   0x0000000a   Code   RO          158    .text.precinct_subpkt_of  packing.o
    0x0000162c   0x0000162c   0x0000000a   Code   RO          204    .text.precinct_subpkt_of  precinct_budget.o
    0x00001636   0x00001636   0x00000008   Code   RO          174    .text.precinct_width_of  precinct.o
    0x0000163e   0x0000163e   0x000000b2   Code   RO          228    .text.rate_control  rate_control.o
    0x000016f0   0x000016f0   0x0000000e   Code   RO          226    .text.rate_control_init  rate_control.o
    0x000016fe   0x000016fe   0x0000004e   Code   RO          224    .text.rate_control_open  rate_control.o
    0x0000174c   0x0000174c   0x000000e4   Code   RO          256    .text.tco_conf_validate  tco_conf.o
    0x00001830   0x00001830   0x000000f0   Code   RO          270    .text.tco_enc_image  tco_enc.o
    0x00001920   0x00001920   0x000000a0   Code   RO          266    .text.tco_enc_init  tco_enc.o
    0x000019c0   0x000019c0   0x0000008a   Code   RO          268    .text.tco_enc_transforms  tco_enc.o
    0x00001a4a   0x00001a4a   0x000000d4   Code   RO           85    .text.tco_image_apply_partial_dwt_hor  image_transforms.o
    0x00001b1e   0x00001b1e   0x000000c4   Code   RO           87    .text.tco_image_apply_partial_dwt_ver  image_transforms.o
    0x00001be2   0x00001be2   0x0000000e   Code   RO          117    .text.to_hlvl       lvls_map.o
    0x00001bf0   0x00001bf0   0x00000032   Code   RO          247    .text.to_sig_mag_buf  sig_mag.o
    0x00001c22   0x00001c22   0x00000016   Code   RO          119    .text.to_vlvl       lvls_map.o
    0x00001c38   0x00001c38   0x00000056   Code   RO          184    .text.update_gclis  precinct.o
    0x00001c8e   0x00001c8e   0x00000038   Code   RO          113    .text.width_of_level  lvls_map.o
    0x00001cc6   0x00001cc6   0x00000002   PAD
    0x00001cc8   0x00001cc8   0x00000024   Code   RO          282    .text.xs_write_capabilities_marker  xs_markers.o
    0x00001cec   0x00001cec   0x0000007c   Code   RO          286    .text.xs_write_component_table  xs_markers.o
    0x00001d68   0x00001d68   0x00000048   Code   RO          280    .text.xs_write_head  xs_markers.o
    0x00001db0   0x00001db0   0x0000015c   Code   RO          284    .text.xs_write_picture_header  xs_markers.o
    0x00001f0c   0x00001f0c   0x00000034   Code   RO          294    .text.xs_write_slice_header  xs_markers.o
    0x00001f40   0x00001f40   0x00000010   Code   RO          292    .text.xs_write_tail  xs_markers.o
    0x00001f50   0x00001f50   0x000000b0   Code   RO          288    .text.xs_write_weights_table  xs_markers.o
    0x00002000   0x00002000   0x000001f6   Code   RO          395    .text_divfast       c_p.l(aeabi_sdivfast.o)
    0x000021f6   0x000021f6   0x000020c0   Data   RO          135    .rodata.input_image  main.o
    0x000042b6   0x000042b6   0x00000002   PAD
    0x000042b8   0x000042b8   0x00000034   Data   RO          138    .rodata.jpeg_xs_elec2570_conf  main.o
    0x000042ec   0x000042ec   0x00000020   Data   RO          633    Region$$Table       anon$$obj.o


    Execution Region RW_IRAM1 (Exec base: 0x20000000, Load base: 0x00004310, Size: 0x00007898, Max: 0x00008000, ABSOLUTE)

    Exec Addr    Load Addr    Size         Type   Attr      Idx    E Section Name        Object

    0x20000000   0x00004310   0x00000004   Data   RW          317    .data.SystemCoreClock  system_armcm0.o
    0x20000004   0x00004314   0x0000002c   Data   RW          258    .data.default_weights  tco_conf.o
    0x20000030        -       0x00000060   Zero   RW          488    .bss                c_p.l(libspace.o)
    0x20000090        -       0x00000004   Zero   RW          136    .bss.bitstream_buf  main.o
    0x20000094        -       0x00000004   Zero   RW          137    .bss.bitstream_size  main.o
    0x20000098        -       0x00005800   Zero   RW          304    HEAP                startup_armcm0.o
    0x20005898        -       0x00002000   Zero   RW          303    STACK               startup_armcm0.o


==============================================================================

Image component sizes


      Code (inc. data)   RO Data    RW Data    ZI Data      Debug   Object Name

       376          0          0          0          0       3835   bitpacking.o
       370          0          0          0          0       4929   budget.o
       516          0          0          0          0       3155   dwt53.o
       160         20          0          0          0       1157   gcli.o
       596          0          0          0          0       4114   image_transforms.o
       668          0          0          0          0       7178   lvls_map.o
       168         20       8436          0          8       2153   main.o
       836          4          0          0          0       6345   packing.o
       374          0          0          0          0       5143   precinct.o
       374          0          0          0          0       4130   precinct_budget.o
       270          0          0          0          0       4219   rate_control.o
        50          0          0          0          0        950   sb_weighting.o
        50          0          0          0          0        965   sig_mag.o
        48         10        192          0      30720       1016   startup_armcm0.o
        16          8          0          4          0        650   system_armcm0.o
       228          4          0         44          0       2405   tco_conf.o
       538          0          0          0          0       4949   tco_enc.o
       824         28          0          0          0       4899   xs_markers.o

    ----------------------------------------------------------------------
      6472         94       8662         48      30728      62192   Object Totals
         0          0         32          0          0          0   (incl. Generated)
        10          0          2          0          0          0   (incl. Padding)

    ----------------------------------------------------------------------

      Code (inc. data)   RO Data    RW Data    ZI Data      Debug   Library Member Name

         8          0          0          0          0         68   __main.o
         0          0          0          0          0          0   __rtentry.o
        12          0          0          0          0          0   __rtentry2.o
         8          4          0          0          0          0   __rtentry5.o
        60          8          0          0          0          0   __scatter.o
        26          0          0          0          0          0   __scatter_copy.o
        28          0          0          0          0          0   __scatter_zi.o
      1006          4          0          0          0        184   aeabi_sdivfast.o
        12          0          0          0          0         68   defsig_exit.o
        52          0          0          0          0         72   defsig_general.o
        80         58          0          0          0         68   defsig_rtmem_inner.o
        12          0          0          0          0         68   defsig_rtmem_outer.o
        16          0          0          0          0         68   exit.o
        98          0          0          0          0         72   h1_alloc.o
        52          0          0          0          0         68   h1_extend.o
        76          0          0          0          0         72   h1_free.o
        14          0          0          0          0         76   h1_init.o
         6          0          0          0          0        136   heapauxi.o
         4          0          0          0          0        120   hguard.o
         0          0          0          0          0          0   indicate_semi.o
       136          0          0          0          0        160   init_alloc.o
         2          0          0          0          0          0   libinit.o
         2          0          0          0          0          0   libinit2.o
        16          8          0          0          0          0   libinit3.o
         2          0          0          0          0          0   libshutdown.o
         2          0          0          0          0          0   libshutdown2.o
         0          0          0          0         96          0   libspace.o
         0          0          0          0          0          0   maybetermalloc1.o
         8          4          0          0          0         68   rt_heap_descriptor_intlibspace.o
        64          0          0          0          0        108   rt_memclr.o
       186          0          0          0          0        144   rt_memcpy.o
         2          0          0          0          0          0   rtexit.o
        10          0          0          0          0          0   rtexit2.o
        12          4          0          0          0         60   sys_exit.o
        12          0          0          0          0         68   sys_wrch.o
         2          0          0          0          0         68   use_no_semi.o

    ----------------------------------------------------------------------
      2030         90          0          0         96       1816   Library Totals
         4          0          0          0          0          0   (incl. Padding)

    ----------------------------------------------------------------------

      Code (inc. data)   RO Data    RW Data    ZI Data      Debug   Library Name

      2026         90          0          0         96       1816   c_p.l

    ----------------------------------------------------------------------
      2030         90          0          0         96       1816   Library Totals

    ----------------------------------------------------------------------

==============================================================================


      Code (inc. data)   RO Data    RW Data    ZI Data      Debug   

      8502        184       8662         48      30824      62876   Grand Totals
      8502        184       8662         48      30824      62876   ELF Image Totals
      8502        184       8662         48          0          0   ROM Totals

==============================================================================

    Total RO  Size (Code + RO Data)                17164 (  16.76kB)
    Total RW  Size (RW Data + ZI Data)             30872 (  30.15kB)
    Total ROM Size (Code + RO Data + RW Data)      17212 (  16.81kB)

==============================================================================

